Archive member included to satisfy reference by file (symbol)

/Applications/ARM/bin/../lib/gcc/arm-none-eabi/10.2.1/thumb/v7e-m/nofp/libgcc.a(_arm_addsubsf3.o)
                              ./src/SYSTICK_program.o (__aeabi_fsub)
/Applications/ARM/bin/../lib/gcc/arm-none-eabi/10.2.1/thumb/v7e-m/nofp/libgcc.a(_arm_cmpsf2.o)
                              ./src/SYSTICK_program.o (__aeabi_fcmpeq)
/Applications/ARM/bin/../lib/gcc/arm-none-eabi/10.2.1/thumb/v7e-m/nofp/libgcc.a(_aeabi_uldivmod.o)
                              ./system/src/stm32f4-hal/stm32f4xx_hal_rcc.o (__aeabi_uldivmod)
/Applications/ARM/bin/../lib/gcc/arm-none-eabi/10.2.1/thumb/v7e-m/nofp/libgcc.a(_udivmoddi4.o)
                              /Applications/ARM/bin/../lib/gcc/arm-none-eabi/10.2.1/thumb/v7e-m/nofp/libgcc.a(_aeabi_uldivmod.o) (__udivmoddi4)
/Applications/ARM/bin/../lib/gcc/arm-none-eabi/10.2.1/thumb/v7e-m/nofp/libgcc.a(_dvmd_tls.o)
                              /Applications/ARM/bin/../lib/gcc/arm-none-eabi/10.2.1/thumb/v7e-m/nofp/libgcc.a(_aeabi_uldivmod.o) (__aeabi_ldiv0)
/Applications/ARM/bin/../lib/gcc/arm-none-eabi/10.2.1/../../../../arm-none-eabi/lib/thumb/v7e-m/nofp/libg_nano.a(lib_a-errno.o)
                              ./system/src/newlib/sbrk.o (__errno)
/Applications/ARM/bin/../lib/gcc/arm-none-eabi/10.2.1/../../../../arm-none-eabi/lib/thumb/v7e-m/nofp/libg_nano.a(lib_a-impure.o)
                              /Applications/ARM/bin/../lib/gcc/arm-none-eabi/10.2.1/../../../../arm-none-eabi/lib/thumb/v7e-m/nofp/libg_nano.a(lib_a-errno.o) (_impure_ptr)
/Applications/ARM/bin/../lib/gcc/arm-none-eabi/10.2.1/../../../../arm-none-eabi/lib/thumb/v7e-m/nofp/libg_nano.a(lib_a-strlen.o)
                              ./system/src/diag/trace.o (strlen)
/Applications/ARM/bin/../lib/gcc/arm-none-eabi/10.2.1/../../../../arm-none-eabi/lib/thumb/v7e-m/nofp/libg_nano.a(lib_a-vsnprintf.o)
                              ./system/src/diag/trace.o (vsnprintf)
/Applications/ARM/bin/../lib/gcc/arm-none-eabi/10.2.1/../../../../arm-none-eabi/lib/thumb/v7e-m/nofp/libg_nano.a(lib_a-nano-svfprintf.o)
                              /Applications/ARM/bin/../lib/gcc/arm-none-eabi/10.2.1/../../../../arm-none-eabi/lib/thumb/v7e-m/nofp/libg_nano.a(lib_a-vsnprintf.o) (_svfprintf_r)
/Applications/ARM/bin/../lib/gcc/arm-none-eabi/10.2.1/../../../../arm-none-eabi/lib/thumb/v7e-m/nofp/libg_nano.a(lib_a-nano-vfprintf_i.o)
                              /Applications/ARM/bin/../lib/gcc/arm-none-eabi/10.2.1/../../../../arm-none-eabi/lib/thumb/v7e-m/nofp/libg_nano.a(lib_a-nano-svfprintf.o) (_printf_i)
/Applications/ARM/bin/../lib/gcc/arm-none-eabi/10.2.1/../../../../arm-none-eabi/lib/thumb/v7e-m/nofp/libg_nano.a(lib_a-memchr.o)
                              /Applications/ARM/bin/../lib/gcc/arm-none-eabi/10.2.1/../../../../arm-none-eabi/lib/thumb/v7e-m/nofp/libg_nano.a(lib_a-nano-svfprintf.o) (memchr)
/Applications/ARM/bin/../lib/gcc/arm-none-eabi/10.2.1/../../../../arm-none-eabi/lib/thumb/v7e-m/nofp/libg_nano.a(lib_a-memcpy-stub.o)
                              /Applications/ARM/bin/../lib/gcc/arm-none-eabi/10.2.1/../../../../arm-none-eabi/lib/thumb/v7e-m/nofp/libg_nano.a(lib_a-nano-svfprintf.o) (memcpy)
/Applications/ARM/bin/../lib/gcc/arm-none-eabi/10.2.1/../../../../arm-none-eabi/lib/thumb/v7e-m/nofp/libg_nano.a(lib_a-memmove.o)
                              /Applications/ARM/bin/../lib/gcc/arm-none-eabi/10.2.1/../../../../arm-none-eabi/lib/thumb/v7e-m/nofp/libg_nano.a(lib_a-nano-svfprintf.o) (memmove)
/Applications/ARM/bin/../lib/gcc/arm-none-eabi/10.2.1/../../../../arm-none-eabi/lib/thumb/v7e-m/nofp/libg_nano.a(lib_a-nano-freer.o)
                              /Applications/ARM/bin/../lib/gcc/arm-none-eabi/10.2.1/../../../../arm-none-eabi/lib/thumb/v7e-m/nofp/libg_nano.a(lib_a-nano-svfprintf.o) (_free_r)
/Applications/ARM/bin/../lib/gcc/arm-none-eabi/10.2.1/../../../../arm-none-eabi/lib/thumb/v7e-m/nofp/libg_nano.a(lib_a-nano-mallocr.o)
                              /Applications/ARM/bin/../lib/gcc/arm-none-eabi/10.2.1/../../../../arm-none-eabi/lib/thumb/v7e-m/nofp/libg_nano.a(lib_a-nano-svfprintf.o) (_malloc_r)
/Applications/ARM/bin/../lib/gcc/arm-none-eabi/10.2.1/../../../../arm-none-eabi/lib/thumb/v7e-m/nofp/libg_nano.a(lib_a-nano-reallocr.o)
                              /Applications/ARM/bin/../lib/gcc/arm-none-eabi/10.2.1/../../../../arm-none-eabi/lib/thumb/v7e-m/nofp/libg_nano.a(lib_a-nano-svfprintf.o) (_realloc_r)
/Applications/ARM/bin/../lib/gcc/arm-none-eabi/10.2.1/../../../../arm-none-eabi/lib/thumb/v7e-m/nofp/libg_nano.a(lib_a-sbrkr.o)
                              /Applications/ARM/bin/../lib/gcc/arm-none-eabi/10.2.1/../../../../arm-none-eabi/lib/thumb/v7e-m/nofp/libg_nano.a(lib_a-nano-mallocr.o) (_sbrk_r)
/Applications/ARM/bin/../lib/gcc/arm-none-eabi/10.2.1/../../../../arm-none-eabi/lib/thumb/v7e-m/nofp/libg_nano.a(lib_a-mlock.o)
[...]
Memory Configuration

Name             Origin             Length             Attributes
RAM              0x0000000020000000 0x0000000000020000 xrw
CCMRAM           0x0000000010000000 0x0000000000010000 xrw
FLASH            0x0000000008000000 0x0000000000080000 xr
FLASHB1          0x0000000000000000 0x0000000000000000 xr
EXTMEMB0         0x0000000000000000 0x0000000000000000 xr
EXTMEMB1         0x0000000000000000 0x0000000000000000 xr
EXTMEMB2         0x0000000000000000 0x0000000000000000 xr
EXTMEMB3         0x0000000000000000 0x0000000000000000 xr
MEMORY_ARRAY     0x0000000020002000 0x0000000000000020 xrw
*default*        0x0000000000000000 0xffffffffffffffff

Linker script and memory map

LOAD ./system/src/stm32f4-hal/stm32f4xx_hal.o
LOAD ./system/src/stm32f4-hal/stm32f4xx_hal_cortex.o
LOAD ./system/src/stm32f4-hal/stm32f4xx_hal_flash.o
LOAD ./system/src/stm32f4-hal/stm32f4xx_hal_flash_ex.o
LOAD ./system/src/stm32f4-hal/stm32f4xx_hal_flash_ramfunc.o
LOAD ./system/src/stm32f4-hal/stm32f4xx_hal_gpio.o
LOAD ./system/src/stm32f4-hal/stm32f4xx_hal_iwdg.o
LOAD ./system/src/stm32f4-hal/stm32f4xx_hal_pwr.o
LOAD ./system/src/stm32f4-hal/stm32f4xx_hal_rcc.o
LOAD ./system/src/newlib/assert.o
LOAD ./system/src/newlib/cxx.o
LOAD ./system/src/newlib/exit.o
LOAD ./system/src/newlib/sbrk.o
LOAD ./system/src/newlib/startup.o
LOAD ./system/src/newlib/syscalls.o
LOAD ./system/src/diag/trace-impl.o
LOAD ./system/src/diag/trace.o
LOAD ./system/src/cortexm/exception-handlers.o
LOAD ./system/src/cortexm/initialize-hardware.o
LOAD ./system/src/cortexm/reset-hardware.o
LOAD ./system/src/cmsis/system_stm32f4xx.o
LOAD ./system/src/cmsis/vectors_stm32f446xx.o
LOAD ./src/CAN_program.o
LOAD ./src/GPIO_program.o
LOAD ./src/RCC_program.o
LOAD ./src/SYSTICK_program.o
LOAD ./src/initialize-hardware.o
LOAD ./src/main.o
LOAD ./src/stm32f4xx_hal_msp.o
LOAD ./src/write.o
LOAD /Applications/ARM/bin/../lib/gcc/arm-none-eabi/10.2.1/../../../../arm-none-eabi/lib/thumb/v7e-m/nofp/libstdc++_nano.a
LOAD /Applications/ARM/bin/../lib/gcc/arm-none-eabi/10.2.1/../../../../arm-none-eabi/lib/thumb/v7e-m/nofp/libm.a
START GROUP
LOAD /Applications/ARM/bin/../lib/gcc/arm-none-eabi/10.2.1/thumb/v7e-m/nofp/libgcc.a
LOAD /Applications/ARM/bin/../lib/gcc/arm-none-eabi/10.2.1/../../../../arm-none-eabi/lib/thumb/v7e-m/nofp/libg_nano.a
LOAD /Applications/ARM/bin/../lib/gcc/arm-none-eabi/10.2.1/../../../../arm-none-eabi/lib/thumb/v7e-m/nofp/libc_nano.a
END GROUP
START GROUP
LOAD /Applications/ARM/bin/../lib/gcc/arm-none-eabi/10.2.1/thumb/v7e-m/nofp/libgcc.a
LOAD /Applications/ARM/bin/../lib/gcc/arm-none-eabi/10.2.1/../../../../arm-none-eabi/lib/thumb/v7e-m/nofp/libc_nano.a
END GROUP
                0x0000000020020000                __stack = (ORIGIN (RAM) + LENGTH (RAM))
                0x0000000020020000                _estack = __stack
                0x0000000000000400                __Main_Stack_Size = 0x400
                [!provide]                        PROVIDE (_Main_Stack_Size = __Main_Stack_Size)
                0x000000002001fc00                __Main_Stack_Limit = (__stack - __Main_Stack_Size)
                [!provide]                        PROVIDE (_Main_Stack_Limit = __Main_Stack_Limit)
                0x0000000000000100                _Minimum_Stack_Size = 0x100
                0x0000000020000128                PROVIDE (_Heap_Begin = _end_noinit)
                0x000000002001fc00                PROVIDE (_Heap_Limit = (__stack - __Main_Stack_Size))

.isr_vector     0x0000000008000000      0x424
 FILL mask 0xff
                0x0000000008000000                __vectors_start = ABSOLUTE (.)
                0x0000000008000000                __vectors_start__ = ABSOLUTE (.)
 *(.isr_vector)
 .isr_vector    0x0000000008000000      0x1c4 ./system/src/cmsis/vectors_stm32f446xx.o
                0x0000000008000000                __isr_vectors
 *(.cfmconfig)
 *(.after_vectors .after_vectors.*)
 .after_vectors
                0x00000000080001c4      0x130 ./system/src/newlib/startup.o
                0x00000000080001c4                _start
 .after_vectors
                0x00000000080002f4      0x12c ./system/src/cortexm/exception-handlers.o
                0x00000000080002f4                Reset_Handler
                0x00000000080002fa                NMI_Handler
                0x00000000080002fe                HardFault_Handler
                0x0000000008000312                HardFault_Handler_C
                0x0000000008000370                MemManage_Handler
                0x0000000008000374                BusFault_Handler
                0x0000000008000388                BusFault_Handler_C
                0x00000000080003bc                UsageFault_Handler
                0x00000000080003d0                UsageFault_Handler_C
                0x0000000008000404                SVC_Handler
                0x0000000008000408                DebugMon_Handler
                0x000000000800040c                PendSV_Handler
                0x0000000008000410                SysTick_Handler
 .after_vectors
                0x0000000008000420        0x4 ./system/src/cmsis/vectors_stm32f446xx.o
                0x0000000008000420                DMA1_Stream3_IRQHandler
                0x0000000008000420                EXTI2_IRQHandler
                0x0000000008000420                TIM8_CC_IRQHandler
                0x0000000008000420                FMPI2C1_EV_IRQHandler
                0x0000000008000420                SPI4_IRQHandler
                0x0000000008000420                TIM1_CC_IRQHandler
                0x0000000008000420                DMA2_Stream5_IRQHandler
                0x0000000008000420                DMA1_Stream5_IRQHandler
                0x0000000008000420                PVD_IRQHandler
                0x0000000008000420                SDIO_IRQHandler
                0x0000000008000420                TAMP_STAMP_IRQHandler
                0x0000000008000420                CAN2_RX1_IRQHandler
                0x0000000008000420                EXTI3_IRQHandler
                0x0000000008000420                TIM8_TRG_COM_TIM14_IRQHandler
                0x0000000008000420                TIM1_UP_TIM10_IRQHandler
                0x0000000008000420                TIM8_UP_TIM13_IRQHandler
                0x0000000008000420                I2C3_ER_IRQHandler
                0x0000000008000420                EXTI0_IRQHandler
                0x0000000008000420                I2C2_EV_IRQHandler
                0x0000000008000420                DMA1_Stream2_IRQHandler
                0x0000000008000420                CAN1_RX0_IRQHandler
                0x0000000008000420                FPU_IRQHandler
                0x0000000008000420                OTG_HS_WKUP_IRQHandler
                0x0000000008000420                CAN2_SCE_IRQHandler
                0x0000000008000420                DMA2_Stream2_IRQHandler
                0x0000000008000420                SPI1_IRQHandler
                0x0000000008000420                TIM6_DAC_IRQHandler
                0x0000000008000420                TIM1_BRK_TIM9_IRQHandler
                0x0000000008000420                DCMI_IRQHandler
                0x0000000008000420                CAN2_RX0_IRQHandler
                0x0000000008000420                DMA2_Stream3_IRQHandler
                0x0000000008000420                SAI2_IRQHandler
                0x0000000008000420                USART6_IRQHandler
                0x0000000008000420                USART3_IRQHandler
                0x0000000008000420                CAN1_RX1_IRQHandler
                0x0000000008000420                UART5_IRQHandler
                0x0000000008000420                DMA2_Stream0_IRQHandler
                0x0000000008000420                TIM4_IRQHandler
                0x0000000008000420                QUADSPI_IRQHandler
                0x0000000008000420                I2C1_EV_IRQHandler
                0x0000000008000420                DMA1_Stream6_IRQHandler
                0x0000000008000420                DMA1_Stream1_IRQHandler
                0x0000000008000420                UART4_IRQHandler
                0x0000000008000420                TIM3_IRQHandler
                0x0000000008000420                RCC_IRQHandler
                0x0000000008000420                TIM8_BRK_TIM12_IRQHandler
                0x0000000008000420                Default_Handler
                0x0000000008000420                CEC_IRQHandler
                0x0000000008000420                EXTI15_10_IRQHandler
                0x0000000008000420                ADC_IRQHandler
                0x0000000008000420                DMA1_Stream7_IRQHandler
                0x0000000008000420                TIM7_IRQHandler
                0x0000000008000420                CAN2_TX_IRQHandler
                0x0000000008000420                TIM5_IRQHandler
                0x0000000008000420                DMA2_Stream7_IRQHandler
                0x0000000008000420                I2C3_EV_IRQHandler
                0x0000000008000420                EXTI9_5_IRQHandler
                0x0000000008000420                RTC_WKUP_IRQHandler
                0x0000000008000420                SPDIF_RX_IRQHandler
                0x0000000008000420                SPI2_IRQHandler
                0x0000000008000420                OTG_HS_EP1_IN_IRQHandler
                0x0000000008000420                DMA1_Stream0_IRQHandler
                0x0000000008000420                CAN1_TX_IRQHandler
                0x0000000008000420                FMPI2C1_ER_IRQHandler
                0x0000000008000420                EXTI4_IRQHandler
                0x0000000008000420                OTG_HS_EP1_OUT_IRQHandler
                0x0000000008000420                WWDG_IRQHandler
                0x0000000008000420                TIM2_IRQHandler
                0x0000000008000420                OTG_FS_WKUP_IRQHandler
                0x0000000008000420                TIM1_TRG_COM_TIM11_IRQHandler
                0x0000000008000420                OTG_HS_IRQHandler
                0x0000000008000420                EXTI1_IRQHandler
                0x0000000008000420                USART2_IRQHandler
                0x0000000008000420                I2C2_ER_IRQHandler
                0x0000000008000420                DMA2_Stream1_IRQHandler
                0x0000000008000420                CAN1_SCE_IRQHandler
                0x0000000008000420                FLASH_IRQHandler
                0x0000000008000420                DMA2_Stream4_IRQHandler
                0x0000000008000420                USART1_IRQHandler
                0x0000000008000420                OTG_FS_IRQHandler
                0x0000000008000420                SPI3_IRQHandler
                0x0000000008000420                DMA1_Stream4_IRQHandler
                0x0000000008000420                I2C1_ER_IRQHandler
                0x0000000008000420                FMC_IRQHandler
                0x0000000008000420                DMA2_Stream6_IRQHandler
                0x0000000008000420                SAI1_IRQHandler
                0x0000000008000420                RTC_Alarm_IRQHandler

.inits          0x0000000008000424       0x28
                0x0000000008000424                __data_regions_array_start = .
                0x0000000008000424        0x4 LONG 0x8002a54 LOADADDR (.data)
                0x0000000008000428        0x4 LONG 0x20000000 ADDR (.data)
                0x000000000800042c        0x4 LONG 0x20000080 (ADDR (.data) + SIZEOF (.data))
                0x0000000008000430        0x4 LONG 0x8002a54 LOADADDR (.data_CCMRAM)
                0x0000000008000434        0x4 LONG 0x10000000 ADDR (.data_CCMRAM)
                0x0000000008000438        0x4 LONG 0x10000000 (ADDR (.data_CCMRAM) + SIZEOF (.data_CCMRAM))
                0x000000000800043c                __data_regions_array_end = .
                0x000000000800043c                __bss_regions_array_start = .
                0x000000000800043c        0x4 LONG 0x20000080 ADDR (.bss)
                0x0000000008000440        0x4 LONG 0x20000128 (ADDR (.bss) + SIZEOF (.bss))
                0x0000000008000444        0x4 LONG 0x10000000 ADDR (.bss_CCMRAM)
                0x0000000008000448        0x4 LONG 0x10000000 (ADDR (.bss_CCMRAM) + SIZEOF (.bss_CCMRAM))
                0x000000000800044c                __bss_regions_array_end = .
 *(.init)
 *(.fini)
                0x000000000800044c                . = ALIGN (0x4)
                0x000000000800044c                PROVIDE (__preinit_array_start = .)
 *(.preinit_array_sysinit .preinit_array_sysinit.*)
 *(.preinit_array_platform .preinit_array_platform.*)
 *(.preinit_array .preinit_array.*)
                0x000000000800044c                PROVIDE (__preinit_array_end = .)
                0x000000000800044c                . = ALIGN (0x4)
                0x000000000800044c                PROVIDE (__init_array_start = .)
 *(SORT_BY_NAME(.init_array.*))
 *(.init_array)
                0x000000000800044c                PROVIDE (__init_array_end = .)
                0x000000000800044c                . = ALIGN (0x4)
                0x000000000800044c                PROVIDE (__fini_array_start = .)
 *(SORT_BY_NAME(.fini_array.*))
 *(.fini_array)
                0x000000000800044c                PROVIDE (__fini_array_end = .)

.flashtext
 *(.flashtext .flashtext.*)

.text           0x0000000008000450     0x25fc
 *(.text .text.*)
 .text.HAL_InitTick
                0x0000000008000450       0x4c ./system/src/stm32f4-hal/stm32f4xx_hal.o
                0x0000000008000450                HAL_InitTick
 .text.HAL_Init
                0x000000000800049c       0x34 ./system/src/stm32f4-hal/stm32f4xx_hal.o
                0x000000000800049c                HAL_Init
 .text.HAL_GetTick
                0x00000000080004d0        0xc ./system/src/stm32f4-hal/stm32f4xx_hal.o
                0x00000000080004d0                HAL_GetTick
 .text.HAL_NVIC_SetPriorityGrouping
                0x00000000080004dc       0x3c ./system/src/stm32f4-hal/stm32f4xx_hal_cortex.o
                0x00000000080004dc                HAL_NVIC_SetPriorityGrouping
 .text.HAL_NVIC_SetPriority
                0x0000000008000518       0x8c ./system/src/stm32f4-hal/stm32f4xx_hal_cortex.o
                0x0000000008000518                HAL_NVIC_SetPriority
 .text.HAL_SYSTICK_Config
                0x00000000080005a4       0x28 ./system/src/stm32f4-hal/stm32f4xx_hal_cortex.o
                0x00000000080005a4                HAL_SYSTICK_Config
 .text.HAL_SYSTICK_CLKSourceConfig
                0x00000000080005cc       0x3c ./system/src/stm32f4-hal/stm32f4xx_hal_cortex.o
                0x00000000080005cc                HAL_SYSTICK_CLKSourceConfig
 .text.HAL_RCC_OscConfig
                0x0000000008000608      0x4f0 ./system/src/stm32f4-hal/stm32f4xx_hal_rcc.o
                0x0000000008000608                HAL_RCC_OscConfig
 .text.HAL_RCC_GetSysClockFreq
                0x0000000008000af8       0xd4 ./system/src/stm32f4-hal/stm32f4xx_hal_rcc.o
                0x0000000008000af8                HAL_RCC_GetSysClockFreq
 .text.HAL_RCC_ClockConfig
                0x0000000008000bcc      0x21c ./system/src/stm32f4-hal/stm32f4xx_hal_rcc.o
                0x0000000008000bcc                HAL_RCC_ClockConfig
 .text.HAL_RCC_GetHCLKFreq
                0x0000000008000de8        0xc ./system/src/stm32f4-hal/stm32f4xx_hal_rcc.o
                0x0000000008000de8                HAL_RCC_GetHCLKFreq
 .text._exit    0x0000000008000df4        0x2 ./system/src/newlib/exit.o
                0x0000000008000df4                _exit
 *fill*         0x0000000008000df6        0x2 
 .text._sbrk    0x0000000008000df8       0x44 ./system/src/newlib/sbrk.o
                0x0000000008000df8                _sbrk
 .text.__initialize_args
                0x0000000008000e3c       0x10 ./system/src/newlib/syscalls.o
                0x0000000008000e3c                __initialize_args
 .text._trace_write_semihosting_debug
                0x0000000008000e4c       0x60 ./system/src/diag/trace-impl.o
 .text.trace_write
                0x0000000008000eac        0x8 ./system/src/diag/trace-impl.o
                0x0000000008000eac                trace_write
 .text.trace_printf
                0x0000000008000eb4       0x34 ./system/src/diag/trace.o
                0x0000000008000eb4                trace_printf
 .text.dumpExceptionStack
                0x0000000008000ee8       0xf4 ./system/src/cortexm/exception-handlers.o
                0x0000000008000ee8                dumpExceptionStack
 .text.isSemihosting
                0x0000000008000fdc       0x20 ./system/src/cortexm/exception-handlers.o
                0x0000000008000fdc                isSemihosting
 .text.__initialize_hardware_early
                0x0000000008000ffc       0x18 ./system/src/cortexm/initialize-hardware.o
                0x0000000008000ffc                __initialize_hardware_early
 .text.SystemInit
                0x0000000008001014       0x10 ./system/src/cmsis/system_stm32f4xx.o
                0x0000000008001014                SystemInit
 .text.SystemCoreClockUpdate
                0x0000000008001024       0xa0 ./system/src/cmsis/system_stm32f4xx.o
                0x0000000008001024                SystemCoreClockUpdate
 .text.MCAN_voidMode
                0x00000000080010c4       0x20 ./src/CAN_program.o
 .text.MCAN_voidInitializationMode
                0x00000000080010e4       0x2c ./src/CAN_program.o
 .text.MCAN_voidStart
                0x0000000008001110       0x24 ./src/CAN_program.o
 .text.MCAN_u32FiltersEnable
                0x0000000008001134        0x4 ./src/CAN_program.o
 .text.MCAN_u32FiltersMode
                0x0000000008001138        0x6 ./src/CAN_program.o
 .text.MCAN_u32FiltersScale
                0x000000000800113e        0x6 ./src/CAN_program.o
 .text.MCAN_u32FiltersAssign
                0x0000000008001144        0x4 ./src/CAN_program.o
 .text.MCAN_voidSetIDs
                0x0000000008001148       0x14 ./src/CAN_program.o
 .text.MCAN_voidFiltersInit
                0x000000000800115c       0x4c ./src/CAN_program.o
 .text.MCAN_voidSetup
                0x00000000080011a8       0x1c ./src/CAN_program.o
 .text.MCAN_voidInit
                0x00000000080011c4       0x18 ./src/CAN_program.o
                0x00000000080011c4                MCAN_voidInit
 .text.MCAN_voidReadMessage
                0x00000000080011dc       0xc0 ./src/CAN_program.o
                0x00000000080011dc                MCAN_voidReadMessage
 .text.MCAN_u8CheckReady
                0x000000000800129c       0x38 ./src/CAN_program.o
                0x000000000800129c                MCAN_u8CheckReady
 .text.MCAN_voidSendMessage
                0x00000000080012d4       0xc4 ./src/CAN_program.o
                0x00000000080012d4                MCAN_voidSendMessage
 .text.MCAN_voidCreateMessage
                0x0000000008001398       0x3a ./src/CAN_program.o
                0x0000000008001398                MCAN_voidCreateMessage
 .text.MGPIO_voidIntialization
                0x00000000080013d2       0x54 ./src/GPIO_program.o
                0x00000000080013d2                MGPIO_voidIntialization
 *fill*         0x0000000008001426        0x2 
 .text.MGPIO_voidSetPinOutputOrAF
                0x0000000008001428      0x3e4 ./src/GPIO_program.o
                0x0000000008001428                MGPIO_voidSetPinOutputOrAF
 .text.MGPIO_voidSetPinValue
                0x000000000800180c      0x154 ./src/GPIO_program.o
                0x000000000800180c                MGPIO_voidSetPinValue
 .text.MRCC_voidClkInit
                0x0000000008001960        0x2 ./src/RCC_program.o
                0x0000000008001960                MRCC_voidClkInit
 *fill*         0x0000000008001962        0x2 
 .text.MRCC_voidSetPeripheralclock
                0x0000000008001964       0x98 ./src/RCC_program.o
                0x0000000008001964                MRCC_voidSetPeripheralclock
 .text.MSYSTICk_voidConfig
                0x00000000080019fc       0x16 ./src/SYSTICK_program.o
                0x00000000080019fc                MSYSTICk_voidConfig
 .text.setbusy  0x0000000008001a12       0x38 ./src/SYSTICK_program.o
                0x0000000008001a12                setbusy
 *fill*         0x0000000008001a4a        0x2 
 .text.MSYSTICK_voidSetBusyWait
                0x0000000008001a4c       0x68 ./src/SYSTICK_program.o
                0x0000000008001a4c                MSYSTICK_voidSetBusyWait
 .text.SystemClock_Config
                0x0000000008001ab4       0xa0 ./src/initialize-hardware.o
                0x0000000008001ab4                SystemClock_Config
 .text.__initialize_hardware
                0x0000000008001b54       0x10 ./src/initialize-hardware.o
                0x0000000008001b54                __initialize_hardware
 .text.assert_failed
                0x0000000008001b64       0x14 ./src/initialize-hardware.o
                0x0000000008001b64                assert_failed
 .text.main     0x0000000008001b78       0x76 ./src/main.o
                0x0000000008001b78                main
 .text.HAL_MspInit
                0x0000000008001bee        0x2 ./src/stm32f4xx_hal_msp.o
                0x0000000008001bee                HAL_MspInit
 .text          0x0000000008001bf0       0x30 /Applications/ARM/bin/../lib/gcc/arm-none-eabi/10.2.1/thumb/v7e-m/nofp/libgcc.a(_aeabi_uldivmod.o)
                0x0000000008001bf0                __aeabi_uldivmod
 .text          0x0000000008001c20      0x2d0 /Applications/ARM/bin/../lib/gcc/arm-none-eabi/10.2.1/thumb/v7e-m/nofp/libgcc.a(_udivmoddi4.o)
                0x0000000008001c20                __udivmoddi4
 .text          0x0000000008001ef0        0x4 /Applications/ARM/bin/../lib/gcc/arm-none-eabi/10.2.1/thumb/v7e-m/nofp/libgcc.a(_dvmd_tls.o)
                0x0000000008001ef0                __aeabi_ldiv0
                0x0000000008001ef0                __aeabi_idiv0
 .text.__errno  0x0000000008001ef4        0xc /Applications/ARM/bin/../lib/gcc/arm-none-eabi/10.2.1/../../../../arm-none-eabi/lib/thumb/v7e-m/nofp/libg_nano.a(lib_a-errno.o)
                0x0000000008001ef4                __errno
 .text._vsnprintf_r
                0x0000000008001f00       0x56 /Applications/ARM/bin/../lib/gcc/arm-none-eabi/10.2.1/../../../../arm-none-eabi/lib/thumb/v7e-m/nofp/libg_nano.a(lib_a-vsnprintf.o)
                0x0000000008001f00                _vsnprintf_r
                0x0000000008001f00                _vsniprintf_r
 *fill*         0x0000000008001f56        0x2 
 .text.vsnprintf
                0x0000000008001f58       0x1c /Applications/ARM/bin/../lib/gcc/arm-none-eabi/10.2.1/../../../../arm-none-eabi/lib/thumb/v7e-m/nofp/libg_nano.a(lib_a-vsnprintf.o)
                0x0000000008001f58                vsnprintf
                0x0000000008001f58                vsniprintf
 .text.__ssputs_r
                0x0000000008001f74       0xb6 /Applications/ARM/bin/../lib/gcc/arm-none-eabi/10.2.1/../../../../arm-none-eabi/lib/thumb/v7e-m/nofp/libg_nano.a(lib_a-nano-svfprintf.o)
                0x0000000008001f74                __ssputs_r
 *fill*         0x000000000800202a        0x2 
 .text._svfprintf_r
                0x000000000800202c      0x200 /Applications/ARM/bin/../lib/gcc/arm-none-eabi/10.2.1/../../../../arm-none-eabi/lib/thumb/v7e-m/nofp/libg_nano.a(lib_a-nano-svfprintf.o)
                0x000000000800202c                _svfprintf_r
                0x000000000800202c                _svfiprintf_r
 .text._printf_common
                0x000000000800222c       0xda /Applications/ARM/bin/../lib/gcc/arm-none-eabi/10.2.1/../../../../arm-none-eabi/lib/thumb/v7e-m/nofp/libg_nano.a(lib_a-nano-vfprintf_i.o)
                0x000000000800222c                _printf_common
 *fill*         0x0000000008002306        0x2 
 .text._printf_i
                0x0000000008002308      0x24c /Applications/ARM/bin/../lib/gcc/arm-none-eabi/10.2.1/../../../../arm-none-eabi/lib/thumb/v7e-m/nofp/libg_nano.a(lib_a-nano-vfprintf_i.o)
                0x0000000008002308                _printf_i
 *fill*         0x0000000008002554        0xc 
 .text          0x0000000008002560       0xa0 /Applications/ARM/bin/../lib/gcc/arm-none-eabi/10.2.1/../../../../arm-none-eabi/lib/thumb/v7e-m/nofp/libg_nano.a(lib_a-memchr.o)
                0x0000000008002560                memchr
 .text.memcpy   0x0000000008002600       0x1c /Applications/ARM/bin/../lib/gcc/arm-none-eabi/10.2.1/../../../../arm-none-eabi/lib/thumb/v7e-m/nofp/libg_nano.a(lib_a-memcpy-stub.o)
                0x0000000008002600                memcpy
 .text.memmove  0x000000000800261c       0x34 /Applications/ARM/bin/../lib/gcc/arm-none-eabi/10.2.1/../../../../arm-none-eabi/lib/thumb/v7e-m/nofp/libg_nano.a(lib_a-memmove.o)
                0x000000000800261c                memmove
 .text._free_r  0x0000000008002650       0x94 /Applications/ARM/bin/../lib/gcc/arm-none-eabi/10.2.1/../../../../arm-none-eabi/lib/thumb/v7e-m/nofp/libg_nano.a(lib_a-nano-freer.o)
                0x0000000008002650                _free_r
 .text._malloc_r
                0x00000000080026e4       0xb4 /Applications/ARM/bin/../lib/gcc/arm-none-eabi/10.2.1/../../../../arm-none-eabi/lib/thumb/v7e-m/nofp/libg_nano.a(lib_a-nano-mallocr.o)
                0x00000000080026e4                _malloc_r
 .text._realloc_r
                0x0000000008002798       0x4c /Applications/ARM/bin/../lib/gcc/arm-none-eabi/10.2.1/../../../../arm-none-eabi/lib/thumb/v7e-m/nofp/libg_nano.a(lib_a-nano-reallocr.o)
                0x0000000008002798                _realloc_r
 .text._sbrk_r  0x00000000080027e4       0x20 /Applications/ARM/bin/../lib/gcc/arm-none-eabi/10.2.1/../../../../arm-none-eabi/lib/thumb/v7e-m/nofp/libg_nano.a(lib_a-sbrkr.o)
                0x00000000080027e4                _sbrk_r
 .text.__malloc_lock
                0x0000000008002804        0xc /Applications/ARM/bin/../lib/gcc/arm-none-eabi/10.2.1/../../../../arm-none-eabi/lib/thumb/v7e-m/nofp/libg_nano.a(lib_a-mlock.o)
                0x0000000008002804                __malloc_lock
 .text.__malloc_unlock
                0x0000000008002810        0xc /Applications/ARM/bin/../lib/gcc/arm-none-eabi/10.2.1/../../../../arm-none-eabi/lib/thumb/v7e-m/nofp/libg_nano.a(lib_a-mlock.o)
                0x0000000008002810                __malloc_unlock
 .text._malloc_usable_size_r
                0x000000000800281c       0x10 /Applications/ARM/bin/../lib/gcc/arm-none-eabi/10.2.1/../../../../arm-none-eabi/lib/thumb/v7e-m/nofp/libg_nano.a(lib_a-nano-msizer.o)
                0x000000000800281c                _malloc_usable_size_r
 .text.__retarget_lock_acquire_recursive
                0x000000000800282c        0x2 /Applications/ARM/bin/../lib/gcc/arm-none-eabi/10.2.1/../../../../arm-none-eabi/lib/thumb/v7e-m/nofp/libg_nano.a(lib_a-lock.o)
                0x000000000800282c                __retarget_lock_acquire_recursive
 .text.__retarget_lock_release_recursive
                0x000000000800282e        0x2 /Applications/ARM/bin/../lib/gcc/arm-none-eabi/10.2.1/../../../../arm-none-eabi/lib/thumb/v7e-m/nofp/libg_nano.a(lib_a-lock.o)
                0x000000000800282e                __retarget_lock_release_recursive
 *(.rodata .rodata.* .constdata .constdata.*)
 .rodata.HAL_NVIC_SetPriorityGrouping.str1.4
                0x0000000008002830       0x31 ./system/src/stm32f4-hal/stm32f4xx_hal_cortex.o
 *fill*         0x0000000008002861        0x3 
 .rodata.HAL_RCC_OscConfig.str1.4
                0x0000000008002864       0x2e ./system/src/stm32f4-hal/stm32f4xx_hal_rcc.o
 *fill*         0x0000000008002892        0x2 
 .rodata.dumpExceptionStack.str1.4
                0x0000000008002894      0x11a ./system/src/cortexm/exception-handlers.o
 *fill*         0x00000000080029ae        0x2 
 .rodata.str1.4
                0x00000000080029b0       0x2a ./system/src/cortexm/exception-handlers.o
 *fill*         0x00000000080029da        0x2 
 .rodata.AHBPrescTable
                0x00000000080029dc       0x10 ./system/src/cmsis/system_stm32f4xx.o
                0x00000000080029dc                AHBPrescTable
 .rodata.assert_failed.str1.4
                0x00000000080029ec       0x2d ./src/initialize-hardware.o
 .rodata._svfprintf_r.str1.1
                0x0000000008002a19       0x11 /Applications/ARM/bin/../lib/gcc/arm-none-eabi/10.2.1/../../../../arm-none-eabi/lib/thumb/v7e-m/nofp/libg_nano.a(lib_a-nano-svfprintf.o)
 .rodata._printf_i.str1.1
                0x0000000008002a2a       0x22 /Applications/ARM/bin/../lib/gcc/arm-none-eabi/10.2.1/../../../../arm-none-eabi/lib/thumb/v7e-m/nofp/libg_nano.a(lib_a-nano-vfprintf_i.o)
 *(vtable)
 *(.eh_frame*)
 *(.glue_7)
 .glue_7        0x0000000008002a4c        0x0 linker stubs
 *(.glue_7t)
 .glue_7t       0x0000000008002a4c        0x0 linker stubs

.vfp11_veneer   0x0000000008002a4c        0x0
 .vfp11_veneer  0x0000000008002a4c        0x0 linker stubs

.v4_bx          0x0000000008002a4c        0x0
 .v4_bx         0x0000000008002a4c        0x0 linker stubs

.iplt           0x0000000008002a4c        0x0
 .iplt          0x0000000008002a4c        0x0 ./system/src/stm32f4-hal/stm32f4xx_hal.o

.ARM.extab
 *(.ARM.extab* .gnu.linkonce.armextab.*)
                0x0000000008002a4c                . = ALIGN (0x4)
                0x0000000008002a4c                __exidx_start = .

.ARM.exidx      0x0000000008002a4c        0x8
 *(.ARM.exidx* .gnu.linkonce.armexidx.*)
 .ARM.exidx     0x0000000008002a4c        0x8 /Applications/ARM/bin/../lib/gcc/arm-none-eabi/10.2.1/thumb/v7e-m/nofp/libgcc.a(_udivmoddi4.o)
                0x0000000008002a54                __exidx_end = .

.rel.dyn        0x0000000008002a54        0x0
 .rel.iplt      0x0000000008002a54        0x0 ./system/src/stm32f4-hal/stm32f4xx_hal.o
                0x0000000008002a54                . = ALIGN (0x4)
                0x0000000008002a54                _etext = .
                0x0000000008002a54                __etext = .

.data_CCMRAM    0x0000000010000000        0x0 load address 0x0000000008002a54
 FILL mask 0xff
 *(.data.CCMRAM .data.CCMRAM.*)
                0x0000000010000000                . = ALIGN (0x4)
                0x0000000008002a54                _sidata = LOADADDR (.data)

.data           0x0000000020000000       0x80 load address 0x0000000008002a54
 FILL mask 0xff
                0x0000000020000000                _sdata = .
                0x0000000020000000                __data_start__ = .
 *(.data_begin .data_begin.*)
 .data_begin    0x0000000020000000        0x4 ./system/src/newlib/startup.o
 *(.data .data.*)
 .data.uwTickFreq
                0x0000000020000004        0x1 ./system/src/stm32f4-hal/stm32f4xx_hal.o
                0x0000000020000004                uwTickFreq
 *fill*         0x0000000020000005        0x3 ff
 .data.uwTickPrio
                0x0000000020000008        0x4 ./system/src/stm32f4-hal/stm32f4xx_hal.o
                0x0000000020000008                uwTickPrio
 .data.argv.1   0x000000002000000c        0x8 ./system/src/newlib/syscalls.o
 .data.SystemCoreClock
                0x0000000020000014        0x4 ./system/src/cmsis/system_stm32f4xx.o
                0x0000000020000014                SystemCoreClock
 .data._impure_ptr
                0x0000000020000018        0x4 /Applications/ARM/bin/../lib/gcc/arm-none-eabi/10.2.1/../../../../arm-none-eabi/lib/thumb/v7e-m/nofp/libg_nano.a(lib_a-impure.o)
                0x0000000020000018                _impure_ptr
 .data.impure_data
                0x000000002000001c       0x60 /Applications/ARM/bin/../lib/gcc/arm-none-eabi/10.2.1/../../../../arm-none-eabi/lib/thumb/v7e-m/nofp/libg_nano.a(lib_a-impure.o)
 *(.data_end .data_end.*)
 .data_end      0x000000002000007c        0x4 ./system/src/newlib/startup.o
                0x0000000020000080                . = ALIGN (0x4)
                0x0000000020000080                _edata = .
                0x0000000020000080                __data_end__ = .

.igot.plt       0x0000000020000080        0x0 load address 0x0000000008002ad4
 .igot.plt      0x0000000020000080        0x0 ./system/src/stm32f4-hal/stm32f4xx_hal.o

.bss_CCMRAM     0x0000000010000000        0x0
 *(.bss.CCMRAM .bss.CCMRAM.*)

.bss            0x0000000020000080       0xa8
                0x0000000020000080                __bss_start__ = .
                0x0000000020000080                _sbss = .
 *(.bss_begin .bss_begin.*)
 .bss_begin     0x0000000020000080        0x4 ./system/src/newlib/startup.o
 *(.bss .bss.*)
 .bss.uwTick    0x0000000020000084        0x4 ./system/src/stm32f4-hal/stm32f4xx_hal.o
                0x0000000020000084                uwTick
 .bss.current_heap_end.0
                0x0000000020000088        0x4 ./system/src/newlib/sbrk.o
 .bss.errno     0x000000002000008c        0x4 ./system/src/newlib/syscalls.o
                0x000000002000008c                errno
 .bss.name.0    0x0000000020000090        0x1 ./system/src/newlib/syscalls.o
 *fill*         0x0000000020000091        0x3 
 .bss.buf.0     0x0000000020000094       0x80 ./system/src/diag/trace.o
 .bss.CAN_TxRdy
                0x0000000020000114        0x3 ./src/CAN_program.o
                0x0000000020000114                CAN_TxRdy
 *fill*         0x0000000020000117        0x1 
 .bss.__malloc_free_list
                0x0000000020000118        0x4 /Applications/ARM/bin/../lib/gcc/arm-none-eabi/10.2.1/../../../../arm-none-eabi/lib/thumb/v7e-m/nofp/libg_nano.a(lib_a-nano-mallocr.o)
                0x0000000020000118                __malloc_free_list
 .bss.__malloc_sbrk_start
                0x000000002000011c        0x4 /Applications/ARM/bin/../lib/gcc/arm-none-eabi/10.2.1/../../../../arm-none-eabi/lib/thumb/v7e-m/nofp/libg_nano.a(lib_a-nano-mallocr.o)
                0x000000002000011c                __malloc_sbrk_start
 .bss.__lock___malloc_recursive_mutex
                0x0000000020000120        0x1 /Applications/ARM/bin/../lib/gcc/arm-none-eabi/10.2.1/../../../../arm-none-eabi/lib/thumb/v7e-m/nofp/libg_nano.a(lib_a-lock.o)
                0x0000000020000120                __lock___malloc_recursive_mutex
 *(COMMON)
 *(.bss_end .bss_end.*)
 *fill*         0x0000000020000121        0x3 
 .bss_end       0x0000000020000124        0x4 ./system/src/newlib/startup.o
                0x0000000020000128                . = ALIGN (0x4)
                0x0000000020000128                __bss_end__ = .
                0x0000000020000128                _ebss = .

.noinit_CCMRAM
 *(.noinit.CCMRAM .noinit.CCMRAM.*)

.noinit         0x0000000020000128        0x0
                0x0000000020000128                _noinit = .
 *(.noinit .noinit.*)
                0x0000000020000128                . = ALIGN (0x4)
                0x0000000020000128                _end_noinit = .
                [!provide]                        PROVIDE (end = _end_noinit)
                [!provide]                        PROVIDE (_end = _end_noinit)
                [!provide]                        PROVIDE (__end = _end_noinit)
                [!provide]                        PROVIDE (__end__ = _end_noinit)

._check_stack   0x0000000020000128      0x100
                0x0000000020000228                . = (. + _Minimum_Stack_Size)
 *fill*         0x0000000020000128      0x100 

.b1text
 *(.b1text)
 *(.b1rodata)
 *(.b1rodata.*)

.eb0text
 *(.eb0text)
 *(.eb0rodata)
 *(.eb0rodata.*)

.eb1text
 *(.eb1text)
 *(.eb1rodata)
 *(.eb1rodata.*)

.eb2text
 *(.eb2text)
 *(.eb2rodata)
 *(.eb2rodata.*)

.eb3text
 *(.eb3text)
 *(.eb3rodata)
 *(.eb3rodata.*)

.stab
 *(.stab)

.stabstr
 *(.stabstr)

.stab.excl
 *(.stab.excl)

.stab.exclstr
 *(.stab.exclstr)

.stab.index
 *(.stab.index)

.stab.indexstr
 *(.stab.indexstr)

.comment        0x0000000000000000       0x4d
 *(.comment)
 .comment       0x0000000000000000       0x4d ./system/src/stm32f4-hal/stm32f4xx_hal.o
                                         0x4e (size before relaxing)
 .comment       0x000000000000004d       0x4e ./system/src/stm32f4-hal/stm32f4xx_hal_cortex.o
 .comment       0x000000000000004d       0x4e ./system/src/stm32f4-hal/stm32f4xx_hal_rcc.o
 .comment       0x000000000000004d       0x4e ./system/src/newlib/exit.o
 .comment       0x000000000000004d       0x4e ./system/src/newlib/sbrk.o
 .comment       0x000000000000004d       0x4e ./system/src/newlib/startup.o
 .comment       0x000000000000004d       0x4e ./system/src/newlib/syscalls.o
 .comment       0x000000000000004d       0x4e ./system/src/diag/trace-impl.o
 .comment       0x000000000000004d       0x4e ./system/src/diag/trace.o
 .comment       0x000000000000004d       0x4e ./system/src/cortexm/exception-handlers.o
 .comment       0x000000000000004d       0x4e ./system/src/cortexm/initialize-hardware.o
 .comment       0x000000000000004d       0x4e ./system/src/cmsis/system_stm32f4xx.o
 .comment       0x000000000000004d       0x4e ./system/src/cmsis/vectors_stm32f446xx.o
 .comment       0x000000000000004d       0x4e ./src/CAN_program.o
 .comment       0x000000000000004d       0x4e ./src/GPIO_program.o
 .comment       0x000000000000004d       0x4e ./src/RCC_program.o
 .comment       0x000000000000004d       0x4e ./src/SYSTICK_program.o
 .comment       0x000000000000004d       0x4e ./src/initialize-hardware.o
 .comment       0x000000000000004d       0x4e ./src/main.o
 .comment       0x000000000000004d       0x4e ./src/stm32f4xx_hal_msp.o

.ARM.attributes
                0x0000000000000000       0x2c
 .ARM.attributes
                0x0000000000000000       0x2e ./system/src/stm32f4-hal/stm32f4xx_hal.o
 .ARM.attributes
                0x000000000000002e       0x2e ./system/src/stm32f4-hal/stm32f4xx_hal_cortex.o
 .ARM.attributes
                0x000000000000005c       0x2e ./system/src/stm32f4-hal/stm32f4xx_hal_rcc.o
 .ARM.attributes
                0x000000000000008a       0x2e ./system/src/newlib/exit.o
 .ARM.attributes
                0x00000000000000b8       0x2e ./system/src/newlib/sbrk.o
 .ARM.attributes
                0x00000000000000e6       0x2e ./system/src/newlib/startup.o
 .ARM.attributes
                0x0000000000000114       0x2e ./system/src/newlib/syscalls.o
 .ARM.attributes
                0x0000000000000142       0x2e ./system/src/diag/trace-impl.o
 .ARM.attributes
                0x0000000000000170       0x2e ./system/src/diag/trace.o
 .ARM.attributes
                0x000000000000019e       0x2e ./system/src/cortexm/exception-handlers.o
 .ARM.attributes
                0x00000000000001cc       0x2e ./system/src/cortexm/initialize-hardware.o
 .ARM.attributes
                0x00000000000001fa       0x2e ./system/src/cmsis/system_stm32f4xx.o
 .ARM.attributes
                0x0000000000000228       0x2e ./system/src/cmsis/vectors_stm32f446xx.o
 .ARM.attributes
                0x0000000000000256       0x2e ./src/CAN_program.o
 .ARM.attributes
                0x0000000000000284       0x2e ./src/GPIO_program.o
 .ARM.attributes
                0x00000000000002b2       0x2e ./src/RCC_program.o
 .ARM.attributes
                0x00000000000002e0       0x2e ./src/SYSTICK_program.o
 .ARM.attributes
                0x000000000000030e       0x2e ./src/initialize-hardware.o
 .ARM.attributes
                0x000000000000033c       0x2e ./src/main.o
 .ARM.attributes
                0x000000000000036a       0x2e ./src/stm32f4xx_hal_msp.o
 .ARM.attributes
                0x0000000000000398       0x1e /Applications/ARM/bin/../lib/gcc/arm-none-eabi/10.2.1/thumb/v7e-m/nofp/libgcc.a(_aeabi_uldivmod.o)
 .ARM.attributes
                0x00000000000003b6       0x2e /Applications/ARM/bin/../lib/gcc/arm-none-eabi/10.2.1/thumb/v7e-m/nofp/libgcc.a(_udivmoddi4.o)
 .ARM.attributes
                0x00000000000003e4       0x1e /Applications/ARM/bin/../lib/gcc/arm-none-eabi/10.2.1/thumb/v7e-m/nofp/libgcc.a(_dvmd_tls.o)
 .ARM.attributes
                0x0000000000000402       0x2e /Applications/ARM/bin/../lib/gcc/arm-none-eabi/10.2.1/../../../../arm-none-eabi/lib/thumb/v7e-m/nofp/libg_nano.a(lib_a-errno.o)
 .ARM.attributes
                0x0000000000000430       0x2e /Applications/ARM/bin/../lib/gcc/arm-none-eabi/10.2.1/../../../../arm-none-eabi/lib/thumb/v7e-m/nofp/libg_nano.a(lib_a-impure.o)
 .ARM.attributes
                0x000000000000045e       0x2e /Applications/ARM/bin/../lib/gcc/arm-none-eabi/10.2.1/../../../../arm-none-eabi/lib/thumb/v7e-m/nofp/libg_nano.a(lib_a-vsnprintf.o)
 .ARM.attributes
                0x000000000000048c       0x2e /Applications/ARM/bin/../lib/gcc/arm-none-eabi/10.2.1/../../../../arm-none-eabi/lib/thumb/v7e-m/nofp/libg_nano.a(lib_a-nano-svfprintf.o)
 .ARM.attributes
                0x00000000000004ba       0x2e /Applications/ARM/bin/../lib/gcc/arm-none-eabi/10.2.1/../../../../arm-none-eabi/lib/thumb/v7e-m/nofp/libg_nano.a(lib_a-nano-vfprintf_i.o)
 .ARM.attributes
                0x00000000000004e8       0x1c /Applications/ARM/bin/../lib/gcc/arm-none-eabi/10.2.1/../../../../arm-none-eabi/lib/thumb/v7e-m/nofp/libg_nano.a(lib_a-memchr.o)
 .ARM.attributes
                0x0000000000000504       0x2e /Applications/ARM/bin/../lib/gcc/arm-none-eabi/10.2.1/../../../../arm-none-eabi/lib/thumb/v7e-m/nofp/libg_nano.a(lib_a-memcpy-stub.o)
 .ARM.attributes
                0x0000000000000532       0x2e /Applications/ARM/bin/../lib/gcc/arm-none-eabi/10.2.1/../../../../arm-none-eabi/lib/thumb/v7e-m/nofp/libg_nano.a(lib_a-memmove.o)
 .ARM.attributes
                0x0000000000000560       0x2e /Applications/ARM/bin/../lib/gcc/arm-none-eabi/10.2.1/../../../../arm-none-eabi/lib/thumb/v7e-m/nofp/libg_nano.a(lib_a-nano-freer.o)
 .ARM.attributes
                0x000000000000058e       0x2e /Applications/ARM/bin/../lib/gcc/arm-none-eabi/10.2.1/../../../../arm-none-eabi/lib/thumb/v7e-m/nofp/libg_nano.a(lib_a-nano-mallocr.o)
 .ARM.attributes
                0x00000000000005bc       0x2e /Applications/ARM/bin/../lib/gcc/arm-none-eabi/10.2.1/../../../../arm-none-eabi/lib/thumb/v7e-m/nofp/libg_nano.a(lib_a-nano-reallocr.o)
 .ARM.attributes
                0x00000000000005ea       0x2e /Applications/ARM/bin/../lib/gcc/arm-none-eabi/10.2.1/../../../../arm-none-eabi/lib/thumb/v7e-m/nofp/libg_nano.a(lib_a-sbrkr.o)
 .ARM.attributes
                0x0000000000000618       0x2e /Applications/ARM/bin/../lib/gcc/arm-none-eabi/10.2.1/../../../../arm-none-eabi/lib/thumb/v7e-m/nofp/libg_nano.a(lib_a-mlock.o)
 .ARM.attributes
                0x0000000000000646       0x2e /Applications/ARM/bin/../lib/gcc/arm-none-eabi/10.2.1/../../../../arm-none-eabi/lib/thumb/v7e-m/nofp/libg_nano.a(lib_a-nano-msizer.o)
 .ARM.attributes
                0x0000000000000674       0x2e /Applications/ARM/bin/../lib/gcc/arm-none-eabi/10.2.1/../../../../arm-none-eabi/lib/thumb/v7e-m/nofp/libg_nano.a(lib_a-lock.o)

.debug
 *(.debug)

.line
 *(.line)

.debug_srcinfo
 *(.debug_srcinfo)

.debug_sfnames
 *(.debug_sfnames)

.debug_aranges  0x0000000000000000      0x6b0
 *(.debug_aranges)
 .debug_aranges
                0x0000000000000000       0xf0 ./system/src/stm32f4-hal/stm32f4xx_hal.o
 .debug_aranges
                0x00000000000000f0       0xa8 ./system/src/stm32f4-hal/stm32f4xx_hal_cortex.o
 .debug_aranges
                0x0000000000000198       0x88 ./system/src/stm32f4-hal/stm32f4xx_hal_rcc.o
 .debug_aranges
                0x0000000000000220       0x28 ./system/src/newlib/exit.o
 .debug_aranges
                0x0000000000000248       0x20 ./system/src/newlib/sbrk.o
 .debug_aranges
                0x0000000000000268       0x40 ./system/src/newlib/startup.o
 .debug_aranges
                0x00000000000002a8       0x30 ./system/src/newlib/syscalls.o
 .debug_aranges
                0x00000000000002d8       0x30 ./system/src/diag/trace-impl.o
 .debug_aranges
                0x0000000000000308       0x38 ./system/src/diag/trace.o
 .debug_aranges
                0x0000000000000340       0x90 ./system/src/cortexm/exception-handlers.o
 .debug_aranges
                0x00000000000003d0       0x28 ./system/src/cortexm/initialize-hardware.o
 .debug_aranges
                0x00000000000003f8       0x28 ./system/src/cmsis/system_stm32f4xx.o
 .debug_aranges
                0x0000000000000420       0x20 ./system/src/cmsis/vectors_stm32f446xx.o
 .debug_aranges
                0x0000000000000440       0x98 ./src/CAN_program.o
 .debug_aranges
                0x00000000000004d8       0x78 ./src/GPIO_program.o
 .debug_aranges
                0x0000000000000550       0x50 ./src/RCC_program.o
 .debug_aranges
                0x00000000000005a0       0x88 ./src/SYSTICK_program.o
 .debug_aranges
                0x0000000000000628       0x30 ./src/initialize-hardware.o
 .debug_aranges
                0x0000000000000658       0x20 ./src/main.o
 .debug_aranges
                0x0000000000000678       0x38 ./src/stm32f4xx_hal_msp.o

.debug_pubnames
 *(.debug_pubnames)

.debug_info     0x0000000000000000     0x6cf3
 *(.debug_info .gnu.linkonce.wi.*)
 .debug_info    0x0000000000000000      0xa75 ./system/src/stm32f4-hal/stm32f4xx_hal.o
 .debug_info    0x0000000000000a75     0x132e ./system/src/stm32f4-hal/stm32f4xx_hal_cortex.o
 .debug_info    0x0000000000001da3      0xdb7 ./system/src/stm32f4-hal/stm32f4xx_hal_rcc.o
 .debug_info    0x0000000000002b5a       0xf2 ./system/src/newlib/exit.o
 .debug_info    0x0000000000002c4c      0x112 ./system/src/newlib/sbrk.o
 .debug_info    0x0000000000002d5e      0x573 ./system/src/newlib/startup.o
 .debug_info    0x00000000000032d1      0x1d5 ./system/src/newlib/syscalls.o
 .debug_info    0x00000000000034a6      0x320 ./system/src/diag/trace-impl.o
 .debug_info    0x00000000000037c6      0x30b ./system/src/diag/trace.o
 .debug_info    0x0000000000003ad1      0x983 ./system/src/cortexm/exception-handlers.o
 .debug_info    0x0000000000004454      0x2b3 ./system/src/cortexm/initialize-hardware.o
 .debug_info    0x0000000000004707      0x55c ./system/src/cmsis/system_stm32f4xx.o
 .debug_info    0x0000000000004c63       0xce ./system/src/cmsis/vectors_stm32f446xx.o
 .debug_info    0x0000000000004d31      0x72b ./src/CAN_program.o
 .debug_info    0x000000000000545c      0x65a ./src/GPIO_program.o
 .debug_info    0x0000000000005ab6      0x3f1 ./src/RCC_program.o
 .debug_info    0x0000000000005ea7      0x4cd ./src/SYSTICK_program.o
 .debug_info    0x0000000000006374      0x5ca ./src/initialize-hardware.o
 .debug_info    0x000000000000693e      0x2f6 ./src/main.o
 .debug_info    0x0000000000006c34       0xbf ./src/stm32f4xx_hal_msp.o

.debug_abbrev   0x0000000000000000     0x1fa6
 *(.debug_abbrev)
 .debug_abbrev  0x0000000000000000      0x209 ./system/src/stm32f4-hal/stm32f4xx_hal.o
 .debug_abbrev  0x0000000000000209      0x38a ./system/src/stm32f4-hal/stm32f4xx_hal_cortex.o
 .debug_abbrev  0x0000000000000593      0x2a0 ./system/src/stm32f4-hal/stm32f4xx_hal_rcc.o
 .debug_abbrev  0x0000000000000833       0x97 ./system/src/newlib/exit.o
 .debug_abbrev  0x00000000000008ca       0xcd ./system/src/newlib/sbrk.o
 .debug_abbrev  0x0000000000000997      0x1fa ./system/src/newlib/startup.o
 .debug_abbrev  0x0000000000000b91      0x10e ./system/src/newlib/syscalls.o
 .debug_abbrev  0x0000000000000c9f      0x1eb ./system/src/diag/trace-impl.o
 .debug_abbrev  0x0000000000000e8a      0x173 ./system/src/diag/trace.o
 .debug_abbrev  0x0000000000000ffd      0x267 ./system/src/cortexm/exception-handlers.o
 .debug_abbrev  0x0000000000001264       0xe9 ./system/src/cortexm/initialize-hardware.o
 .debug_abbrev  0x000000000000134d      0x11c ./system/src/cmsis/system_stm32f4xx.o
 .debug_abbrev  0x0000000000001469       0xa5 ./system/src/cmsis/vectors_stm32f446xx.o
 .debug_abbrev  0x000000000000150e      0x2cf ./src/CAN_program.o
 .debug_abbrev  0x00000000000017dd      0x178 ./src/GPIO_program.o
 .debug_abbrev  0x0000000000001955       0xef ./src/RCC_program.o
 .debug_abbrev  0x0000000000001a44      0x23f ./src/SYSTICK_program.o
 .debug_abbrev  0x0000000000001c83      0x170 ./src/initialize-hardware.o
 .debug_abbrev  0x0000000000001df3      0x16c ./src/main.o
 .debug_abbrev  0x0000000000001f5f       0x47 ./src/stm32f4xx_hal_msp.o

.debug_line     0x0000000000000000     0x9a64
 *(.debug_line)
 .debug_line    0x0000000000000000      0xbcb ./system/src/stm32f4-hal/stm32f4xx_hal.o
 .debug_line    0x0000000000000bcb      0xf13 ./system/src/stm32f4-hal/stm32f4xx_hal_cortex.o
 .debug_line    0x0000000000001ade     0x12ae ./system/src/stm32f4-hal/stm32f4xx_hal_rcc.o
 .debug_line    0x0000000000002d8c      0x2d9 ./system/src/newlib/exit.o
 .debug_line    0x0000000000003065      0x2c3 ./system/src/newlib/sbrk.o
 .debug_line    0x0000000000003328      0x5af ./system/src/newlib/startup.o
 .debug_line    0x00000000000038d7      0x3af ./system/src/newlib/syscalls.o
 .debug_line    0x0000000000003c86      0xb44 ./system/src/diag/trace-impl.o
 .debug_line    0x00000000000047ca      0x3b6 ./system/src/diag/trace.o
 .debug_line    0x0000000000004b80      0xd79 ./system/src/cortexm/exception-handlers.o
 .debug_line    0x00000000000058f9      0x893 ./system/src/cortexm/initialize-hardware.o
 .debug_line    0x000000000000618c      0x925 ./system/src/cmsis/system_stm32f4xx.o
 .debug_line    0x0000000000006ab1       0xf5 ./system/src/cmsis/vectors_stm32f446xx.o
 .debug_line    0x0000000000006ba6      0x603 ./src/CAN_program.o
 .debug_line    0x00000000000071a9      0xa64 ./src/GPIO_program.o
 .debug_line    0x0000000000007c0d      0x38e ./src/RCC_program.o
 .debug_line    0x0000000000007f9b      0x528 ./src/SYSTICK_program.o
 .debug_line    0x00000000000084c3      0xb08 ./src/initialize-hardware.o
 .debug_line    0x0000000000008fcb      0x216 ./src/main.o
 .debug_line    0x00000000000091e1      0x883 ./src/stm32f4xx_hal_msp.o

.debug_frame    0x0000000000000000     0x11bc
 *(.debug_frame)
 .debug_frame   0x0000000000000000      0x1f0 ./system/src/stm32f4-hal/stm32f4xx_hal.o
 .debug_frame   0x00000000000001f0      0x19c ./system/src/stm32f4-hal/stm32f4xx_hal_cortex.o
 .debug_frame   0x000000000000038c      0x16c ./system/src/stm32f4-hal/stm32f4xx_hal_rcc.o
 .debug_frame   0x00000000000004f8       0x38 ./system/src/newlib/exit.o
 .debug_frame   0x0000000000000530       0x28 ./system/src/newlib/sbrk.o
 .debug_frame   0x0000000000000558       0x7c ./system/src/newlib/startup.o
 .debug_frame   0x00000000000005d4       0x50 ./system/src/newlib/syscalls.o
 .debug_frame   0x0000000000000624       0x64 ./system/src/diag/trace-impl.o
 .debug_frame   0x0000000000000688       0x94 ./system/src/diag/trace.o
 .debug_frame   0x000000000000071c      0x158 ./system/src/cortexm/exception-handlers.o
 .debug_frame   0x0000000000000874       0x40 ./system/src/cortexm/initialize-hardware.o
 .debug_frame   0x00000000000008b4       0x30 ./system/src/cmsis/system_stm32f4xx.o
 .debug_frame   0x00000000000008e4       0x20 ./system/src/cmsis/vectors_stm32f446xx.o
 .debug_frame   0x0000000000000904      0x150 ./src/CAN_program.o
 .debug_frame   0x0000000000000a54      0x11c ./src/GPIO_program.o
 .debug_frame   0x0000000000000b70       0x80 ./src/RCC_program.o
 .debug_frame   0x0000000000000bf0      0x118 ./src/SYSTICK_program.o
 .debug_frame   0x0000000000000d08       0x60 ./src/initialize-hardware.o
 .debug_frame   0x0000000000000d68       0x28 ./src/main.o
 .debug_frame   0x0000000000000d90       0x50 ./src/stm32f4xx_hal_msp.o
 .debug_frame   0x0000000000000de0       0x2c /Applications/ARM/bin/../lib/gcc/arm-none-eabi/10.2.1/thumb/v7e-m/nofp/libgcc.a(_aeabi_uldivmod.o)
 .debug_frame   0x0000000000000e0c       0x34 /Applications/ARM/bin/../lib/gcc/arm-none-eabi/10.2.1/thumb/v7e-m/nofp/libgcc.a(_udivmoddi4.o)
 .debug_frame   0x0000000000000e40       0x20 /Applications/ARM/bin/../lib/gcc/arm-none-eabi/10.2.1/../../../../arm-none-eabi/lib/thumb/v7e-m/nofp/libg_nano.a(lib_a-errno.o)
 .debug_frame   0x0000000000000e60       0x4c /Applications/ARM/bin/../lib/gcc/arm-none-eabi/10.2.1/../../../../arm-none-eabi/lib/thumb/v7e-m/nofp/libg_nano.a(lib_a-vsnprintf.o)
 .debug_frame   0x0000000000000eac       0x90 /Applications/ARM/bin/../lib/gcc/arm-none-eabi/10.2.1/../../../../arm-none-eabi/lib/thumb/v7e-m/nofp/libg_nano.a(lib_a-nano-svfprintf.o)
 .debug_frame   0x0000000000000f3c       0x60 /Applications/ARM/bin/../lib/gcc/arm-none-eabi/10.2.1/../../../../arm-none-eabi/lib/thumb/v7e-m/nofp/libg_nano.a(lib_a-nano-vfprintf_i.o)
 .debug_frame   0x0000000000000f9c       0x28 /Applications/ARM/bin/../lib/gcc/arm-none-eabi/10.2.1/../../../../arm-none-eabi/lib/thumb/v7e-m/nofp/libg_nano.a(lib_a-memcpy-stub.o)
 .debug_frame   0x0000000000000fc4       0x28 /Applications/ARM/bin/../lib/gcc/arm-none-eabi/10.2.1/../../../../arm-none-eabi/lib/thumb/v7e-m/nofp/libg_nano.a(lib_a-memmove.o)
 .debug_frame   0x0000000000000fec       0x38 /Applications/ARM/bin/../lib/gcc/arm-none-eabi/10.2.1/../../../../arm-none-eabi/lib/thumb/v7e-m/nofp/libg_nano.a(lib_a-nano-freer.o)
 .debug_frame   0x0000000000001024       0x30 /Applications/ARM/bin/../lib/gcc/arm-none-eabi/10.2.1/../../../../arm-none-eabi/lib/thumb/v7e-m/nofp/libg_nano.a(lib_a-nano-mallocr.o)
 .debug_frame   0x0000000000001054       0x3c /Applications/ARM/bin/../lib/gcc/arm-none-eabi/10.2.1/../../../../arm-none-eabi/lib/thumb/v7e-m/nofp/libg_nano.a(lib_a-nano-reallocr.o)
 .debug_frame   0x0000000000001090       0x2c /Applications/ARM/bin/../lib/gcc/arm-none-eabi/10.2.1/../../../../arm-none-eabi/lib/thumb/v7e-m/nofp/libg_nano.a(lib_a-sbrkr.o)
 .debug_frame   0x00000000000010bc       0x30 /Applications/ARM/bin/../lib/gcc/arm-none-eabi/10.2.1/../../../../arm-none-eabi/lib/thumb/v7e-m/nofp/libg_nano.a(lib_a-mlock.o)
 .debug_frame   0x00000000000010ec       0x20 /Applications/ARM/bin/../lib/gcc/arm-none-eabi/10.2.1/../../../../arm-none-eabi/lib/thumb/v7e-m/nofp/libg_nano.a(lib_a-nano-msizer.o)
 .debug_frame   0x000000000000110c       0xb0 /Applications/ARM/bin/../lib/gcc/arm-none-eabi/10.2.1/../../../../arm-none-eabi/lib/thumb/v7e-m/nofp/libg_nano.a(lib_a-lock.o)

.debug_str      0x0000000000000000   0x100b13
 *(.debug_str)
 .debug_str     0x0000000000000000    0xf3e5a ./system/src/stm32f4-hal/stm32f4xx_hal.o
                                      0xf433b (size before relaxing)
 .debug_str     0x00000000000f3e5a      0x3b1 ./system/src/stm32f4-hal/stm32f4xx_hal_cortex.o
                                      0xf4040 (size before relaxing)
 .debug_str     0x00000000000f420b      0x3ff ./system/src/stm32f4-hal/stm32f4xx_hal_rcc.o
                                      0xf3ba2 (size before relaxing)
 .debug_str     0x00000000000f460a     0x45fa ./system/src/newlib/exit.o
                                       0x7714 (size before relaxing)
 .debug_str     0x00000000000f8c04      0x4dd ./system/src/newlib/sbrk.o
                                       0x6af5 (size before relaxing)
 .debug_str     0x00000000000f90e1      0x2cb ./system/src/newlib/startup.o
                                       0x6361 (size before relaxing)
 .debug_str     0x00000000000f93ac     0x1504 ./system/src/newlib/syscalls.o
                                       0x8042 (size before relaxing)
 .debug_str     0x00000000000fa8b0      0x387 ./system/src/diag/trace-impl.o
                                      0xf6e51 (size before relaxing)
 .debug_str     0x00000000000fac37      0x81a ./system/src/diag/trace.o
                                       0x7e9b (size before relaxing)
 .debug_str     0x00000000000fb451      0x18d ./system/src/cortexm/exception-handlers.o
                                      0xf7fcf (size before relaxing)
 .debug_str     0x00000000000fb5de       0x5d ./system/src/cortexm/initialize-hardware.o
                                      0xf3674 (size before relaxing)
 .debug_str     0x00000000000fb63b       0x46 ./system/src/cmsis/system_stm32f4xx.o
                                      0xf3787 (size before relaxing)
 .debug_str     0x00000000000fb681       0x59 ./system/src/cmsis/vectors_stm32f446xx.o
                                       0x3850 (size before relaxing)
 .debug_str     0x00000000000fb6da     0x45c0 ./src/CAN_program.o
                                       0x7398 (size before relaxing)
 .debug_str     0x00000000000ffc9a      0x41b ./src/GPIO_program.o
                                       0x58b6 (size before relaxing)
 .debug_str     0x00000000001000b5      0x56b ./src/RCC_program.o
                                       0x5424 (size before relaxing)
 .debug_str     0x0000000000100620      0x46c ./src/SYSTICK_program.o
                                       0x3396 (size before relaxing)
 .debug_str     0x0000000000100a8c       0x35 ./src/initialize-hardware.o
                                      0xf6e00 (size before relaxing)
 .debug_str     0x0000000000100ac1       0x15 ./src/main.o
                                       0x7473 (size before relaxing)
 .debug_str     0x0000000000100ad6       0x3d ./src/stm32f4xx_hal_msp.o
                                      0xf35b4 (size before relaxing)

.debug_loc      0x0000000000000000     0x3f55
 *(.debug_loc)
 .debug_loc     0x0000000000000000      0x130 ./system/src/stm32f4-hal/stm32f4xx_hal.o
 .debug_loc     0x0000000000000130      0x92e ./system/src/stm32f4-hal/stm32f4xx_hal_cortex.o
 .debug_loc     0x0000000000000a5e      0x56f ./system/src/stm32f4-hal/stm32f4xx_hal_rcc.o
 .debug_loc     0x0000000000000fcd       0x15 ./system/src/newlib/exit.o
 .debug_loc     0x0000000000000fe2       0x97 ./system/src/newlib/sbrk.o
 .debug_loc     0x0000000000001079      0x49b ./system/src/newlib/startup.o
 .debug_loc     0x0000000000001514       0x6f ./system/src/newlib/syscalls.o
 .debug_loc     0x0000000000001583      0x194 ./system/src/diag/trace-impl.o
 .debug_loc     0x0000000000001717      0x118 ./system/src/diag/trace.o
 .debug_loc     0x000000000000182f      0x35c ./system/src/cortexm/exception-handlers.o
 .debug_loc     0x0000000000001b8b      0x158 ./system/src/cmsis/system_stm32f4xx.o
 .debug_loc     0x0000000000001ce3      0x21d ./src/CAN_program.o
 .debug_loc     0x0000000000001f00     0x15d0 ./src/GPIO_program.o
 .debug_loc     0x00000000000034d0      0x6fc ./src/RCC_program.o
 .debug_loc     0x0000000000003bcc      0x325 ./src/SYSTICK_program.o
 .debug_loc     0x0000000000003ef1       0x64 ./src/initialize-hardware.o

.debug_macinfo
 *(.debug_macinfo)

.debug_weaknames
 *(.debug_weaknames)

.debug_funcnames
 *(.debug_funcnames)

.debug_typenames
 *(.debug_typenames)

.debug_varnames
 *(.debug_varnames)
OUTPUT(f44_can.elf elf32-littlearm)
LOAD linker stubs

.debug_ranges   0x0000000000000000      0x6a8
 .debug_ranges  0x0000000000000000       0xe0 ./system/src/stm32f4-hal/stm32f4xx_hal.o
 .debug_ranges  0x00000000000000e0      0x128 ./system/src/stm32f4-hal/stm32f4xx_hal_cortex.o
 .debug_ranges  0x0000000000000208       0x90 ./system/src/stm32f4-hal/stm32f4xx_hal_rcc.o
 .debug_ranges  0x0000000000000298       0x18 ./system/src/newlib/exit.o
 .debug_ranges  0x00000000000002b0       0x10 ./system/src/newlib/sbrk.o
 .debug_ranges  0x00000000000002c0       0x78 ./system/src/newlib/startup.o
 .debug_ranges  0x0000000000000338       0x20 ./system/src/newlib/syscalls.o
 .debug_ranges  0x0000000000000358       0x38 ./system/src/diag/trace-impl.o
 .debug_ranges  0x0000000000000390       0x28 ./system/src/diag/trace.o
 .debug_ranges  0x00000000000003b8       0x98 ./system/src/cortexm/exception-handlers.o
 .debug_ranges  0x0000000000000450       0x18 ./system/src/cortexm/initialize-hardware.o
 .debug_ranges  0x0000000000000468       0x18 ./system/src/cmsis/system_stm32f4xx.o
 .debug_ranges  0x0000000000000480       0x10 ./system/src/cmsis/vectors_stm32f446xx.o
 .debug_ranges  0x0000000000000490       0x88 ./src/CAN_program.o
 .debug_ranges  0x0000000000000518       0x80 ./src/GPIO_program.o
 .debug_ranges  0x0000000000000598       0x40 ./src/RCC_program.o
 .debug_ranges  0x00000000000005d8       0x78 ./src/SYSTICK_program.o
 .debug_ranges  0x0000000000000650       0x20 ./src/initialize-hardware.o
 .debug_ranges  0x0000000000000670       0x10 ./src/main.o
 .debug_ranges  0x0000000000000680       0x28 ./src/stm32f4xx_hal_msp.o

.debug_macro    0x0000000000000000    0x2a3bf
 .debug_macro   0x0000000000000000      0x428 ./system/src/stm32f4-hal/stm32f4xx_hal.o
 .debug_macro   0x0000000000000428      0xa7e ./system/src/stm32f4-hal/stm32f4xx_hal.o
 .debug_macro   0x0000000000000ea6      0x3a2 ./system/src/stm32f4-hal/stm32f4xx_hal.o
 .debug_macro   0x0000000000001248       0x2e ./system/src/stm32f4-hal/stm32f4xx_hal.o
 .debug_macro   0x0000000000001276       0x28 ./system/src/stm32f4-hal/stm32f4xx_hal.o
 .debug_macro   0x000000000000129e      0x34e ./system/src/stm32f4-hal/stm32f4xx_hal.o
 .debug_macro   0x00000000000015ec       0x1c ./system/src/stm32f4-hal/stm32f4xx_hal.o
 .debug_macro   0x0000000000001608       0x22 ./system/src/stm32f4-hal/stm32f4xx_hal.o
 .debug_macro   0x000000000000162a       0xd9 ./system/src/stm32f4-hal/stm32f4xx_hal.o
 .debug_macro   0x0000000000001703     0x102d ./system/src/stm32f4-hal/stm32f4xx_hal.o
 .debug_macro   0x0000000000002730      0x11f ./system/src/stm32f4-hal/stm32f4xx_hal.o
 .debug_macro   0x000000000000284f    0x1672d ./system/src/stm32f4-hal/stm32f4xx_hal.o
 .debug_macro   0x0000000000018f7c       0x43 ./system/src/stm32f4-hal/stm32f4xx_hal.o
 .debug_macro   0x0000000000018fbf     0x3659 ./system/src/stm32f4-hal/stm32f4xx_hal.o
 .debug_macro   0x000000000001c618      0x174 ./system/src/stm32f4-hal/stm32f4xx_hal.o
 .debug_macro   0x000000000001c78c       0x5a ./system/src/stm32f4-hal/stm32f4xx_hal.o
 .debug_macro   0x000000000001c7e6      0xc90 ./system/src/stm32f4-hal/stm32f4xx_hal.o
 .debug_macro   0x000000000001d476      0x9fe ./system/src/stm32f4-hal/stm32f4xx_hal.o
 .debug_macro   0x000000000001de74      0x117 ./system/src/stm32f4-hal/stm32f4xx_hal.o
 .debug_macro   0x000000000001df8b      0x1a0 ./system/src/stm32f4-hal/stm32f4xx_hal.o
 .debug_macro   0x000000000001e12b       0x27 ./system/src/stm32f4-hal/stm32f4xx_hal.o
 .debug_macro   0x000000000001e152      0x16d ./system/src/stm32f4-hal/stm32f4xx_hal.o
 .debug_macro   0x000000000001e2bf      0x287 ./system/src/stm32f4-hal/stm32f4xx_hal.o
 .debug_macro   0x000000000001e546       0x5f ./system/src/stm32f4-hal/stm32f4xx_hal.o
 .debug_macro   0x000000000001e5a5      0x236 ./system/src/stm32f4-hal/stm32f4xx_hal.o
 .debug_macro   0x000000000001e7db      0x391 ./system/src/stm32f4-hal/stm32f4xx_hal.o
 .debug_macro   0x000000000001eb6c      0x17d ./system/src/stm32f4-hal/stm32f4xx_hal.o
 .debug_macro   0x000000000001ece9       0xf9 ./system/src/stm32f4-hal/stm32f4xx_hal.o
 .debug_macro   0x000000000001ede2      0x40f ./system/src/stm32f4-hal/stm32f4xx_hal.o
 .debug_macro   0x000000000001f1f1       0x22 ./system/src/stm32f4-hal/stm32f4xx_hal.o
 .debug_macro   0x000000000001f213       0xea ./system/src/stm32f4-hal/stm32f4xx_hal.o
 .debug_macro   0x000000000001f2fd       0xa0 ./system/src/stm32f4-hal/stm32f4xx_hal.o
 .debug_macro   0x000000000001f39d       0x3c ./system/src/stm32f4-hal/stm32f4xx_hal.o
 .debug_macro   0x000000000001f3d9       0x7d ./system/src/stm32f4-hal/stm32f4xx_hal.o
 .debug_macro   0x000000000001f456      0x1d2 ./system/src/stm32f4-hal/stm32f4xx_hal.o
 .debug_macro   0x000000000001f628      0x132 ./system/src/stm32f4-hal/stm32f4xx_hal.o
 .debug_macro   0x000000000001f75a      0x29c ./system/src/stm32f4-hal/stm32f4xx_hal.o
 .debug_macro   0x000000000001f9f6       0x2e ./system/src/stm32f4-hal/stm32f4xx_hal.o
 .debug_macro   0x000000000001fa24      0x54a ./system/src/stm32f4-hal/stm32f4xx_hal.o
 .debug_macro   0x000000000001ff6e       0x88 ./system/src/stm32f4-hal/stm32f4xx_hal.o
 .debug_macro   0x000000000001fff6       0xea ./system/src/stm32f4-hal/stm32f4xx_hal.o
 .debug_macro   0x00000000000200e0       0x11 ./system/src/stm32f4-hal/stm32f4xx_hal.o
 .debug_macro   0x00000000000200f1      0x1b5 ./system/src/stm32f4-hal/stm32f4xx_hal.o
 .debug_macro   0x00000000000202a6       0x22 ./system/src/stm32f4-hal/stm32f4xx_hal.o
 .debug_macro   0x00000000000202c8       0xd6 ./system/src/stm32f4-hal/stm32f4xx_hal.o
 .debug_macro   0x000000000002039e      0x279 ./system/src/stm32f4-hal/stm32f4xx_hal.o
 .debug_macro   0x0000000000020617      0x1b5 ./system/src/stm32f4-hal/stm32f4xx_hal.o
 .debug_macro   0x00000000000207cc       0x4a ./system/src/stm32f4-hal/stm32f4xx_hal.o
 .debug_macro   0x0000000000020816       0x78 ./system/src/stm32f4-hal/stm32f4xx_hal.o
 .debug_macro   0x000000000002088e      0x11a ./system/src/stm32f4-hal/stm32f4xx_hal.o
 .debug_macro   0x00000000000209a8       0xe8 ./system/src/stm32f4-hal/stm32f4xx_hal.o
 .debug_macro   0x0000000000020a90       0x89 ./system/src/stm32f4-hal/stm32f4xx_hal.o
 .debug_macro   0x0000000000020b19      0x31a ./system/src/stm32f4-hal/stm32f4xx_hal.o
 .debug_macro   0x0000000000020e33      0x405 ./system/src/stm32f4-hal/stm32f4xx_hal.o
 .debug_macro   0x0000000000021238       0xe4 ./system/src/stm32f4-hal/stm32f4xx_hal.o
 .debug_macro   0x000000000002131c      0x383 ./system/src/stm32f4-hal/stm32f4xx_hal.o
 .debug_macro   0x000000000002169f       0x28 ./system/src/stm32f4-hal/stm32f4xx_hal.o
 .debug_macro   0x00000000000216c7       0xc8 ./system/src/stm32f4-hal/stm32f4xx_hal.o
 .debug_macro   0x000000000002178f      0x81b ./system/src/stm32f4-hal/stm32f4xx_hal.o
 .debug_macro   0x0000000000021faa      0x1d5 ./system/src/stm32f4-hal/stm32f4xx_hal.o
 .debug_macro   0x000000000002217f      0x225 ./system/src/stm32f4-hal/stm32f4xx_hal.o
 .debug_macro   0x00000000000223a4      0x8a0 ./system/src/stm32f4-hal/stm32f4xx_hal.o
 .debug_macro   0x0000000000022c44       0x4d ./system/src/stm32f4-hal/stm32f4xx_hal.o
 .debug_macro   0x0000000000022c91      0x287 ./system/src/stm32f4-hal/stm32f4xx_hal.o
 .debug_macro   0x0000000000022f18      0x217 ./system/src/stm32f4-hal/stm32f4xx_hal.o
 .debug_macro   0x000000000002312f      0x1b5 ./system/src/stm32f4-hal/stm32f4xx_hal.o
 .debug_macro   0x00000000000232e4      0x2db ./system/src/stm32f4-hal/stm32f4xx_hal.o
 .debug_macro   0x00000000000235bf       0x8d ./system/src/stm32f4-hal/stm32f4xx_hal.o
 .debug_macro   0x000000000002364c      0x21e ./system/src/stm32f4-hal/stm32f4xx_hal.o
 .debug_macro   0x000000000002386a       0xba ./system/src/stm32f4-hal/stm32f4xx_hal.o
 .debug_macro   0x0000000000023924       0x6e ./system/src/stm32f4-hal/stm32f4xx_hal.o
 .debug_macro   0x0000000000023992      0x2d4 ./system/src/stm32f4-hal/stm32f4xx_hal.o
 .debug_macro   0x0000000000023c66      0x313 ./system/src/stm32f4-hal/stm32f4xx_hal.o
 .debug_macro   0x0000000000023f79      0x22c ./system/src/stm32f4-hal/stm32f4xx_hal.o
 .debug_macro   0x00000000000241a5       0x34 ./system/src/stm32f4-hal/stm32f4xx_hal.o
 .debug_macro   0x00000000000241d9       0xa5 ./system/src/stm32f4-hal/stm32f4xx_hal.o
 .debug_macro   0x000000000002427e      0x1ed ./system/src/stm32f4-hal/stm32f4xx_hal.o
 .debug_macro   0x000000000002446b      0x1e9 ./system/src/stm32f4-hal/stm32f4xx_hal.o
 .debug_macro   0x0000000000024654      0x126 ./system/src/stm32f4-hal/stm32f4xx_hal.o
 .debug_macro   0x000000000002477a      0x3c8 ./system/src/stm32f4-hal/stm32f4xx_hal_cortex.o
 .debug_macro   0x0000000000024b42      0x3ec ./system/src/stm32f4-hal/stm32f4xx_hal_rcc.o
 .debug_macro   0x0000000000024f2e      0x1ae ./system/src/newlib/exit.o
 .debug_macro   0x00000000000250dc      0x163 ./system/src/newlib/sbrk.o
 .debug_macro   0x000000000002523f       0x10 ./system/src/newlib/sbrk.o
 .debug_macro   0x000000000002524f      0x23b ./system/src/newlib/sbrk.o
 .debug_macro   0x000000000002548a      0x15f ./system/src/newlib/startup.o
 .debug_macro   0x00000000000255e9      0xa84 ./system/src/newlib/startup.o
 .debug_macro   0x000000000002606d      0x220 ./system/src/newlib/syscalls.o
 .debug_macro   0x000000000002628d       0x1c ./system/src/newlib/syscalls.o
 .debug_macro   0x00000000000262a9       0x10 ./system/src/newlib/syscalls.o
 .debug_macro   0x00000000000262b9       0x10 ./system/src/newlib/syscalls.o
 .debug_macro   0x00000000000262c9       0x10 ./system/src/newlib/syscalls.o
 .debug_macro   0x00000000000262d9       0x35 ./system/src/newlib/syscalls.o
 .debug_macro   0x000000000002630e      0x12c ./system/src/newlib/syscalls.o
 .debug_macro   0x000000000002643a       0xce ./system/src/newlib/syscalls.o
 .debug_macro   0x0000000000026508       0x7c ./system/src/newlib/syscalls.o
 .debug_macro   0x0000000000026584       0x17 ./system/src/newlib/syscalls.o
 .debug_macro   0x000000000002659b      0x118 ./system/src/newlib/syscalls.o
 .debug_macro   0x00000000000266b3      0x189 ./system/src/newlib/syscalls.o
 .debug_macro   0x000000000002683c       0x16 ./system/src/newlib/syscalls.o
 .debug_macro   0x0000000000026852      0x528 ./system/src/diag/trace-impl.o
 .debug_macro   0x0000000000026d7a       0x10 ./system/src/diag/trace-impl.o
 .debug_macro   0x0000000000026d8a       0x22 ./system/src/diag/trace-impl.o
 .debug_macro   0x0000000000026dac      0x1f5 ./system/src/diag/trace.o
 .debug_macro   0x0000000000026fa1       0x16 ./system/src/diag/trace.o
 .debug_macro   0x0000000000026fb7       0x97 ./system/src/diag/trace.o
 .debug_macro   0x000000000002704e       0xfd ./system/src/diag/trace.o
 .debug_macro   0x000000000002714b       0x10 ./system/src/diag/trace.o
 .debug_macro   0x000000000002715b       0x16 ./system/src/diag/trace.o
 .debug_macro   0x0000000000027171      0x16f ./system/src/diag/trace.o
 .debug_macro   0x00000000000272e0       0x4c ./system/src/diag/trace.o
 .debug_macro   0x000000000002732c       0x16 ./system/src/diag/trace.o
 .debug_macro   0x0000000000027342      0x586 ./system/src/cortexm/exception-handlers.o
 .debug_macro   0x00000000000278c8       0x10 ./system/src/cortexm/exception-handlers.o
 .debug_macro   0x00000000000278d8      0x3d2 ./system/src/cortexm/initialize-hardware.o
 .debug_macro   0x0000000000027caa      0x3ce ./system/src/cmsis/system_stm32f4xx.o
 .debug_macro   0x0000000000028078       0x34 ./system/src/cmsis/vectors_stm32f446xx.o
 .debug_macro   0x00000000000280ac       0x8f ./src/CAN_program.o
 .debug_macro   0x000000000002813b       0x34 ./src/CAN_program.o
 .debug_macro   0x000000000002816f       0x34 ./src/CAN_program.o
 .debug_macro   0x00000000000281a3      0x161 ./src/CAN_program.o
 .debug_macro   0x0000000000028304      0x1b5 ./src/CAN_program.o
 .debug_macro   0x00000000000284b9      0x4eb ./src/CAN_program.o
 .debug_macro   0x00000000000289a4      0x304 ./src/CAN_program.o
 .debug_macro   0x0000000000028ca8      0x528 ./src/CAN_program.o
 .debug_macro   0x00000000000291d0      0x5bb ./src/CAN_program.o
 .debug_macro   0x000000000002978b       0x6d ./src/GPIO_program.o
 .debug_macro   0x00000000000297f8       0x40 ./src/GPIO_program.o
 .debug_macro   0x0000000000029838       0x40 ./src/GPIO_program.o
 .debug_macro   0x0000000000029878       0xe2 ./src/RCC_program.o
 .debug_macro   0x000000000002995a       0x53 ./src/SYSTICK_program.o
 .debug_macro   0x00000000000299ad       0x64 ./src/SYSTICK_program.o
 .debug_macro   0x0000000000029a11       0x34 ./src/SYSTICK_program.o
 .debug_macro   0x0000000000029a45      0x50d ./src/initialize-hardware.o
 .debug_macro   0x0000000000029f52       0xa5 ./src/main.o
 .debug_macro   0x0000000000029ff7      0x3c8 ./src/stm32f4xx_hal_msp.o
