Archive member included to satisfy reference by file (symbol)

/Applications/ARM/bin/../lib/gcc/arm-none-eabi/10.2.1/../../../../arm-none-eabi/lib/thumb/v7-m/nofp/libg_nano.a(lib_a-errno.o)
                              ./system/src/newlib/_sbrk.o (__errno)
/Applications/ARM/bin/../lib/gcc/arm-none-eabi/10.2.1/../../../../arm-none-eabi/lib/thumb/v7-m/nofp/libg_nano.a(lib_a-impure.o)
                              /Applications/ARM/bin/../lib/gcc/arm-none-eabi/10.2.1/../../../../arm-none-eabi/lib/thumb/v7-m/nofp/libg_nano.a(lib_a-errno.o) (_impure_ptr)
/Applications/ARM/bin/../lib/gcc/arm-none-eabi/10.2.1/../../../../arm-none-eabi/lib/thumb/v7-m/nofp/libg_nano.a(lib_a-strlen.o)
                              ./system/src/diag/Trace.o (strlen)
/Applications/ARM/bin/../lib/gcc/arm-none-eabi/10.2.1/../../../../arm-none-eabi/lib/thumb/v7-m/nofp/libg_nano.a(lib_a-vsnprintf.o)
                              ./system/src/diag/Trace.o (vsnprintf)
/Applications/ARM/bin/../lib/gcc/arm-none-eabi/10.2.1/../../../../arm-none-eabi/lib/thumb/v7-m/nofp/libg_nano.a(lib_a-nano-svfprintf.o)
                              /Applications/ARM/bin/../lib/gcc/arm-none-eabi/10.2.1/../../../../arm-none-eabi/lib/thumb/v7-m/nofp/libg_nano.a(lib_a-vsnprintf.o) (_svfprintf_r)
/Applications/ARM/bin/../lib/gcc/arm-none-eabi/10.2.1/../../../../arm-none-eabi/lib/thumb/v7-m/nofp/libg_nano.a(lib_a-nano-vfprintf_i.o)
                              /Applications/ARM/bin/../lib/gcc/arm-none-eabi/10.2.1/../../../../arm-none-eabi/lib/thumb/v7-m/nofp/libg_nano.a(lib_a-nano-svfprintf.o) (_printf_i)
/Applications/ARM/bin/../lib/gcc/arm-none-eabi/10.2.1/../../../../arm-none-eabi/lib/thumb/v7-m/nofp/libg_nano.a(lib_a-memchr-stub.o)
                              /Applications/ARM/bin/../lib/gcc/arm-none-eabi/10.2.1/../../../../arm-none-eabi/lib/thumb/v7-m/nofp/libg_nano.a(lib_a-nano-svfprintf.o) (memchr)
/Applications/ARM/bin/../lib/gcc/arm-none-eabi/10.2.1/../../../../arm-none-eabi/lib/thumb/v7-m/nofp/libg_nano.a(lib_a-memcpy-stub.o)
                              /Applications/ARM/bin/../lib/gcc/arm-none-eabi/10.2.1/../../../../arm-none-eabi/lib/thumb/v7-m/nofp/libg_nano.a(lib_a-nano-svfprintf.o) (memcpy)
/Applications/ARM/bin/../lib/gcc/arm-none-eabi/10.2.1/../../../../arm-none-eabi/lib/thumb/v7-m/nofp/libg_nano.a(lib_a-memmove.o)
                              /Applications/ARM/bin/../lib/gcc/arm-none-eabi/10.2.1/../../../../arm-none-eabi/lib/thumb/v7-m/nofp/libg_nano.a(lib_a-nano-svfprintf.o) (memmove)
/Applications/ARM/bin/../lib/gcc/arm-none-eabi/10.2.1/../../../../arm-none-eabi/lib/thumb/v7-m/nofp/libg_nano.a(lib_a-nano-freer.o)
                              /Applications/ARM/bin/../lib/gcc/arm-none-eabi/10.2.1/../../../../arm-none-eabi/lib/thumb/v7-m/nofp/libg_nano.a(lib_a-nano-svfprintf.o) (_free_r)
/Applications/ARM/bin/../lib/gcc/arm-none-eabi/10.2.1/../../../../arm-none-eabi/lib/thumb/v7-m/nofp/libg_nano.a(lib_a-nano-mallocr.o)
                              /Applications/ARM/bin/../lib/gcc/arm-none-eabi/10.2.1/../../../../arm-none-eabi/lib/thumb/v7-m/nofp/libg_nano.a(lib_a-nano-svfprintf.o) (_malloc_r)
/Applications/ARM/bin/../lib/gcc/arm-none-eabi/10.2.1/../../../../arm-none-eabi/lib/thumb/v7-m/nofp/libg_nano.a(lib_a-nano-reallocr.o)
                              /Applications/ARM/bin/../lib/gcc/arm-none-eabi/10.2.1/../../../../arm-none-eabi/lib/thumb/v7-m/nofp/libg_nano.a(lib_a-nano-svfprintf.o) (_realloc_r)
/Applications/ARM/bin/../lib/gcc/arm-none-eabi/10.2.1/../../../../arm-none-eabi/lib/thumb/v7-m/nofp/libg_nano.a(lib_a-sbrkr.o)
                              /Applications/ARM/bin/../lib/gcc/arm-none-eabi/10.2.1/../../../../arm-none-eabi/lib/thumb/v7-m/nofp/libg_nano.a(lib_a-nano-mallocr.o) (_sbrk_r)
/Applications/ARM/bin/../lib/gcc/arm-none-eabi/10.2.1/../../../../arm-none-eabi/lib/thumb/v7-m/nofp/libg_nano.a(lib_a-mlock.o)
                              /Applications/ARM/bin/../lib/gcc/arm-none-eabi/10.2.1/../../../../arm-none-eabi/lib/thumb/v7-m/nofp/libg_nano.a(lib_a-nano-freer.o) (__malloc_lock)
/Applications/ARM/bin/../lib/gcc/arm-none-eabi/10.2.1/../../../../arm-none-eabi/lib/thumb/v7-m/nofp/libg_nano.a(lib_a-nano-msizer.o)
                              /Applications/ARM/bin/../lib/gcc/arm-none-eabi/10.2.1/../../../../arm-none-eabi/lib/thumb/v7-m/nofp/libg_nano.a(lib_a-nano-reallocr.o) (_malloc_usable_size_r)
/Applications/ARM/bin/../lib/gcc/arm-none-eabi/10.2.1/../../../../arm-none-eabi/lib/thumb/v7-m/nofp/libg_nano.a(lib_a-lock.o)
                              /Applications/ARM/bin/../lib/gcc/arm-none-eabi/10.2.1/../../../../arm-none-eabi/lib/thumb/v7-m/nofp/libg_nano.a(lib_a-mlock.o) (__retarget_lock_acquire_recursive)

Discarded input sections

 .group         0x0000000000000000        0xc ./system/src/stm32f1-stdperiph/misc.o
 .group         0x0000000000000000        0xc ./system/src/stm32f1-stdperiph/misc.o
 .group         0x0000000000000000        0xc ./system/src/stm32f1-stdperiph/misc.o
[...]
Memory Configuration

Name             Origin             Length             Attributes
RAM              0x0000000020000000 0x0000000000005000 xrw
CCMRAM           0x0000000000000000 0x0000000000000000 xrw
FLASH            0x0000000008000000 0x0000000000020000 xr
FLASHB1          0x0000000000000000 0x0000000000000000 xr
EXTMEMB0         0x0000000000000000 0x0000000000000000 xr
EXTMEMB1         0x0000000000000000 0x0000000000000000 xr
EXTMEMB2         0x0000000000000000 0x0000000000000000 xr
EXTMEMB3         0x0000000000000000 0x0000000000000000 xr
MEMORY_ARRAY     0x0000000000000000 0x0000000000000000 xrw
*default*        0x0000000000000000 0xffffffffffffffff

Linker script and memory map

LOAD ./system/src/stm32f1-stdperiph/misc.o
LOAD ./system/src/stm32f1-stdperiph/stm32f10x_gpio.o
LOAD ./system/src/stm32f1-stdperiph/stm32f10x_rcc.o
LOAD ./system/src/newlib/_cxx.o
LOAD ./system/src/newlib/_exit.o
LOAD ./system/src/newlib/_sbrk.o
LOAD ./system/src/newlib/_startup.o
LOAD ./system/src/newlib/_syscalls.o
LOAD ./system/src/newlib/assert.o
LOAD ./system/src/diag/Trace.o
LOAD ./system/src/diag/trace_impl.o
LOAD ./system/src/cortexm/_initialize_hardware.o
LOAD ./system/src/cortexm/_reset_hardware.o
LOAD ./system/src/cortexm/exception_handlers.o
LOAD ./system/src/cmsis/system_stm32f10x.o
LOAD ./system/src/cmsis/vectors_stm32f10x.o
LOAD ./src/CAN_program.o
LOAD ./src/GPIO_program.o
LOAD ./src/RCC_program.o
LOAD ./src/SYSTICK_program.o
LOAD ./src/_write.o
LOAD ./src/main.o
LOAD /Applications/ARM/bin/../lib/gcc/arm-none-eabi/10.2.1/../../../../arm-none-eabi/lib/thumb/v7-m/nofp/libstdc++_nano.a
LOAD /Applications/ARM/bin/../lib/gcc/arm-none-eabi/10.2.1/../../../../arm-none-eabi/lib/thumb/v7-m/nofp/libm.a
START GROUP
LOAD /Applications/ARM/bin/../lib/gcc/arm-none-eabi/10.2.1/thumb/v7-m/nofp/libgcc.a
LOAD /Applications/ARM/bin/../lib/gcc/arm-none-eabi/10.2.1/../../../../arm-none-eabi/lib/thumb/v7-m/nofp/libg_nano.a
LOAD /Applications/ARM/bin/../lib/gcc/arm-none-eabi/10.2.1/../../../../arm-none-eabi/lib/thumb/v7-m/nofp/libc_nano.a
END GROUP
START GROUP
LOAD /Applications/ARM/bin/../lib/gcc/arm-none-eabi/10.2.1/thumb/v7-m/nofp/libgcc.a
LOAD /Applications/ARM/bin/../lib/gcc/arm-none-eabi/10.2.1/../../../../arm-none-eabi/lib/thumb/v7-m/nofp/libc_nano.a
END GROUP
                0x0000000020005000                __stack = (ORIGIN (RAM) + LENGTH (RAM))
                0x0000000020005000                _estack = __stack
                0x0000000000000400                __Main_Stack_Size = 0x400
                [!provide]                        PROVIDE (_Main_Stack_Size = __Main_Stack_Size)
                0x0000000020004c00                __Main_Stack_Limit = (__stack - __Main_Stack_Size)
                [!provide]                        PROVIDE (_Main_Stack_Limit = __Main_Stack_Limit)
                0x0000000000000100                _Minimum_Stack_Size = 0x100
                0x000000002000012c                PROVIDE (_Heap_Begin = _end_noinit)
                0x0000000020004c00                PROVIDE (_Heap_Limit = (__stack - __Main_Stack_Size))

.isr_vector     0x0000000008000000      0x350
 FILL mask 0xff
                0x0000000008000000                __vectors_start = ABSOLUTE (.)
                0x0000000008000000                __vectors_start__ = ABSOLUTE (.)
 *(.isr_vector)
 .isr_vector    0x0000000008000000      0x10c ./system/src/cmsis/vectors_stm32f10x.o
                0x0000000008000000                __isr_vectors
 *(.cfmconfig)
 *(.after_vectors .after_vectors.*)
 .after_vectors
                0x000000000800010c      0x114 ./system/src/newlib/_startup.o
                0x000000000800010c                _start
 .after_vectors
                0x0000000008000220      0x12c ./system/src/cortexm/exception_handlers.o
                0x0000000008000220                Reset_Handler
                0x0000000008000226                NMI_Handler
                0x000000000800022a                HardFault_Handler
                0x000000000800023e                HardFault_Handler_C
                0x000000000800029c                MemManage_Handler
                0x00000000080002a0                BusFault_Handler
                0x00000000080002b4                BusFault_Handler_C
                0x00000000080002e8                UsageFault_Handler
                0x00000000080002fc                UsageFault_Handler_C
                0x0000000008000330                SVC_Handler
                0x0000000008000334                DebugMon_Handler
                0x0000000008000338                PendSV_Handler
                0x000000000800033c                SysTick_Handler
 .after_vectors
                0x000000000800034c        0x4 ./system/src/cmsis/vectors_stm32f10x.o
                0x000000000800034c                TIM1_BRK_TIM15_IRQHandler
                0x000000000800034c                TIM8_TRG_COM_IRQHandler
                0x000000000800034c                TIM8_CC_IRQHandler
                0x000000000800034c                TIM1_CC_IRQHandler
                0x000000000800034c                TIM6_IRQHandler
                0x000000000800034c                PVD_IRQHandler
                0x000000000800034c                SDIO_IRQHandler
                0x000000000800034c                CAN2_RX1_IRQHandler
                0x000000000800034c                EXTI3_IRQHandler
                0x000000000800034c                TIM8_TRG_COM_TIM14_IRQHandler
                0x000000000800034c                TIM1_UP_TIM10_IRQHandler
                0x000000000800034c                TIM8_UP_TIM13_IRQHandler
                0x000000000800034c                EXTI0_IRQHandler
                0x000000000800034c                I2C2_EV_IRQHandler
                0x000000000800034c                CAN1_RX0_IRQHandler
                0x000000000800034c                TIM1_UP_TIM16_IRQHandler
                0x000000000800034c                CAN2_SCE_IRQHandler
                0x000000000800034c                ADC1_2_IRQHandler
                0x000000000800034c                SPI1_IRQHandler
                0x000000000800034c                TAMPER_IRQHandler
                0x000000000800034c                TIM6_DAC_IRQHandler
                0x000000000800034c                TIM1_BRK_TIM9_IRQHandler
                0x000000000800034c                CAN2_RX0_IRQHandler
                0x000000000800034c                TIM8_UP_IRQHandler
                0x000000000800034c                DMA2_Channel2_IRQHandler
                0x000000000800034c                DMA1_Channel4_IRQHandler
                0x000000000800034c                USART3_IRQHandler
                0x000000000800034c                RTC_IRQHandler
                0x000000000800034c                DMA1_Channel7_IRQHandler
                0x000000000800034c                CAN1_RX1_IRQHandler
                0x000000000800034c                UART5_IRQHandler
                0x000000000800034c                ADC3_IRQHandler
                0x000000000800034c                TIM4_IRQHandler
                0x000000000800034c                DMA2_Channel1_IRQHandler
                0x000000000800034c                I2C1_EV_IRQHandler
                0x000000000800034c                DMA1_Channel6_IRQHandler
                0x000000000800034c                UART4_IRQHandler
                0x000000000800034c                DMA2_Channel4_IRQHandler
                0x000000000800034c                TIM3_IRQHandler
                0x000000000800034c                RCC_IRQHandler
                0x000000000800034c                TIM8_BRK_TIM12_IRQHandler
                0x000000000800034c                TIM1_TRG_COM_IRQHandler
                0x000000000800034c                DMA1_Channel1_IRQHandler
                0x000000000800034c                Default_Handler
                0x000000000800034c                CEC_IRQHandler
                0x000000000800034c                EXTI15_10_IRQHandler
                0x000000000800034c                TIM14_IRQHandler
                0x000000000800034c                TIM13_IRQHandler
                0x000000000800034c                TIM12_IRQHandler
                0x000000000800034c                TIM7_IRQHandler
                0x000000000800034c                CAN2_TX_IRQHandler
                0x000000000800034c                TIM5_IRQHandler
                0x000000000800034c                EXTI9_5_IRQHandler
                0x000000000800034c                ETH_WKUP_IRQHandler
                0x000000000800034c                SPI2_IRQHandler
                0x000000000800034c                CAN1_TX_IRQHandler
                0x000000000800034c                DMA2_Channel5_IRQHandler
                0x000000000800034c                DMA1_Channel5_IRQHandler
                0x000000000800034c                EXTI4_IRQHandler
                0x000000000800034c                USB_LP_CAN1_RX0_IRQHandler
                0x000000000800034c                TIM1_TRG_COM_TIM17_IRQHandler
                0x000000000800034c                USB_HP_CAN1_TX_IRQHandler
                0x000000000800034c                DMA1_Channel3_IRQHandler
                0x000000000800034c                FSMC_IRQHandler
                0x000000000800034c                ETH_IRQHandler
                0x000000000800034c                TIM1_UP_IRQHandler
                0x000000000800034c                WWDG_IRQHandler
                0x000000000800034c                TIM2_IRQHandler
                0x000000000800034c                OTG_FS_WKUP_IRQHandler
                0x000000000800034c                TIM1_TRG_COM_TIM11_IRQHandler
                0x000000000800034c                TIM1_BRK_IRQHandler
                0x000000000800034c                EXTI1_IRQHandler
                0x000000000800034c                RTCAlarm_IRQHandler
                0x000000000800034c                DMA2_Channel4_5_IRQHandler
                0x000000000800034c                USART2_IRQHandler
                0x000000000800034c                I2C2_ER_IRQHandler
                0x000000000800034c                DMA1_Channel2_IRQHandler
                0x000000000800034c                TIM8_BRK_IRQHandler
                0x000000000800034c                CAN1_SCE_IRQHandler
                0x000000000800034c                FLASH_IRQHandler
                0x000000000800034c                USART1_IRQHandler
                0x000000000800034c                OTG_FS_IRQHandler
                0x000000000800034c                SPI3_IRQHandler
                0x000000000800034c                I2C1_ER_IRQHandler
                0x000000000800034c                USBWakeUp_IRQHandler
                0x000000000800034c                DMA2_Channel3_IRQHandler
                0x000000000800034c                EXTI2_IRQHandler

.inits          0x0000000008000350       0x28
                0x0000000008000350                __data_regions_array_start = .
                0x0000000008000350        0x4 LONG 0x8001888 LOADADDR (.data)
                0x0000000008000354        0x4 LONG 0x20000000 ADDR (.data)
                0x0000000008000358        0x4 LONG 0x20000088 (ADDR (.data) + SIZEOF (.data))
                0x000000000800035c        0x4 LONG 0x8001888 LOADADDR (.data_CCMRAM)
                0x0000000008000360        0x4 LONG 0x0 ADDR (.data_CCMRAM)
                0x0000000008000364        0x4 LONG 0x0 (ADDR (.data_CCMRAM) + SIZEOF (.data_CCMRAM))
                0x0000000008000368                __data_regions_array_end = .
                0x0000000008000368                __bss_regions_array_start = .
                0x0000000008000368        0x4 LONG 0x20000088 ADDR (.bss)
                0x000000000800036c        0x4 LONG 0x2000012c (ADDR (.bss) + SIZEOF (.bss))
                0x0000000008000370        0x4 LONG 0x0 ADDR (.bss_CCMRAM)
                0x0000000008000374        0x4 LONG 0x0 (ADDR (.bss_CCMRAM) + SIZEOF (.bss_CCMRAM))
                0x0000000008000378                __bss_regions_array_end = .
 *(.init)
 *(.fini)
                0x0000000008000378                . = ALIGN (0x4)
                0x0000000008000378                PROVIDE (__preinit_array_start = .)
 *(.preinit_array_sysinit .preinit_array_sysinit.*)
 *(.preinit_array_platform .preinit_array_platform.*)
 *(.preinit_array .preinit_array.*)
                0x0000000008000378                PROVIDE (__preinit_array_end = .)
                0x0000000008000378                . = ALIGN (0x4)
                0x0000000008000378                PROVIDE (__init_array_start = .)
 *(SORT_BY_NAME(.init_array.*))
 *(.init_array)
                0x0000000008000378                PROVIDE (__init_array_end = .)
                0x0000000008000378                . = ALIGN (0x4)
                0x0000000008000378                PROVIDE (__fini_array_start = .)
 *(SORT_BY_NAME(.fini_array.*))
 *(.fini_array)
                0x0000000008000378                PROVIDE (__fini_array_end = .)

.flashtext
 *(.flashtext .flashtext.*)

.text           0x0000000008000378     0x150d
 *(.text .text.*)
 .text._exit    0x0000000008000378        0x2 ./system/src/newlib/_exit.o
                0x0000000008000378                _exit
 *fill*         0x000000000800037a        0x2 
 .text._sbrk    0x000000000800037c       0x44 ./system/src/newlib/_sbrk.o
                0x000000000800037c                _sbrk
 .text.__initialize_args
                0x00000000080003c0       0x10 ./system/src/newlib/_syscalls.o
                0x00000000080003c0                __initialize_args
 .text.trace_printf
                0x00000000080003d0       0x34 ./system/src/diag/Trace.o
                0x00000000080003d0                trace_printf
 .text._trace_write_semihosting_debug
                0x0000000008000404       0x60 ./system/src/diag/trace_impl.o
 .text.trace_write
                0x0000000008000464        0x8 ./system/src/diag/trace_impl.o
                0x0000000008000464                trace_write
 .text.__initialize_hardware_early
                0x000000000800046c       0x18 ./system/src/cortexm/_initialize_hardware.o
                0x000000000800046c                __initialize_hardware_early
 .text.__initialize_hardware
                0x0000000008000484        0x8 ./system/src/cortexm/_initialize_hardware.o
                0x0000000008000484                __initialize_hardware
 .text.dumpExceptionStack
                0x000000000800048c       0xf4 ./system/src/cortexm/exception_handlers.o
                0x000000000800048c                dumpExceptionStack
 .text.isSemihosting
                0x0000000008000580       0x20 ./system/src/cortexm/exception_handlers.o
                0x0000000008000580                isSemihosting
 .text.SetSysClockTo72
                0x00000000080005a0       0xc4 ./system/src/cmsis/system_stm32f10x.o
 .text.SetSysClock
                0x0000000008000664        0x8 ./system/src/cmsis/system_stm32f10x.o
 .text.SystemInit
                0x000000000800066c       0x50 ./system/src/cmsis/system_stm32f10x.o
                0x000000000800066c                SystemInit
 .text.SystemCoreClockUpdate
                0x00000000080006bc       0x94 ./system/src/cmsis/system_stm32f10x.o
                0x00000000080006bc                SystemCoreClockUpdate
 .text.MCAN_voidMode
                0x0000000008000750       0x20 ./src/CAN_program.o
 .text.MCAN_voidInitializationMode
                0x0000000008000770       0x2c ./src/CAN_program.o
 .text.MCAN_voidStart
                0x000000000800079c       0x24 ./src/CAN_program.o
 .text.MCAN_u32FiltersEnable
                0x00000000080007c0        0x4 ./src/CAN_program.o
 .text.MCAN_u32FiltersMode
                0x00000000080007c4        0x6 ./src/CAN_program.o
 .text.MCAN_u32FiltersScale
                0x00000000080007ca        0x6 ./src/CAN_program.o
 .text.MCAN_u32FiltersAssign
                0x00000000080007d0        0x4 ./src/CAN_program.o
 .text.MCAN_voidSetIDs
                0x00000000080007d4       0x14 ./src/CAN_program.o
 .text.MCAN_voidFiltersInit
                0x00000000080007e8       0x4c ./src/CAN_program.o
 .text.MCAN_voidSetup
                0x0000000008000834       0x30 ./src/CAN_program.o
 .text.MCAN_voidInit
                0x0000000008000864       0x18 ./src/CAN_program.o
                0x0000000008000864                MCAN_voidInit
 .text.MCAN_voidReadMessage
                0x000000000800087c       0xc0 ./src/CAN_program.o
                0x000000000800087c                MCAN_voidReadMessage
 .text.MCAN_u8CheckReady
                0x000000000800093c       0x38 ./src/CAN_program.o
                0x000000000800093c                MCAN_u8CheckReady
 .text.MCAN_voidSendMessage
                0x0000000008000974       0xc4 ./src/CAN_program.o
                0x0000000008000974                MCAN_voidSendMessage
 .text.MCAN_voidCreateMessage
                0x0000000008000a38       0x3a ./src/CAN_program.o
                0x0000000008000a38                MCAN_voidCreateMessage
 .text.MGPIO_voidIntialization
                0x0000000008000a72        0xe ./src/GPIO_program.o
                0x0000000008000a72                MGPIO_voidIntialization
 .text.MGPIO_voidSetPinMode
                0x0000000008000a80      0x120 ./src/GPIO_program.o
                0x0000000008000a80                MGPIO_voidSetPinMode
 .text.MGPIO_voidSetPinValue
                0x0000000008000ba0       0x98 ./src/GPIO_program.o
                0x0000000008000ba0                MGPIO_voidSetPinValue
 .text.MRCC_voidSetClkSource
                0x0000000008000c38       0x48 ./src/RCC_program.o
                0x0000000008000c38                MRCC_voidSetClkSource
 .text.MRCC_voidSetPeripheralclock
                0x0000000008000c80       0x60 ./src/RCC_program.o
                0x0000000008000c80                MRCC_voidSetPeripheralclock
 .text.MRCC_voidSetClkStatus
                0x0000000008000ce0       0x60 ./src/RCC_program.o
                0x0000000008000ce0                MRCC_voidSetClkStatus
 .text.MRCC_voidClkInit
                0x0000000008000d40       0x34 ./src/RCC_program.o
                0x0000000008000d40                MRCC_voidClkInit
 .text.MSYSTICk_voidEnable
                0x0000000008000d74        0xe ./src/SYSTICK_program.o
                0x0000000008000d74                MSYSTICk_voidEnable
 *fill*         0x0000000008000d82        0x2 
 .text.MSYSTICK_voidSetBusyWait
                0x0000000008000d84       0x6c ./src/SYSTICK_program.o
                0x0000000008000d84                MSYSTICK_voidSetBusyWait
 .text.main     0x0000000008000df0       0x70 ./src/main.o
                0x0000000008000df0                main
 .text.__errno  0x0000000008000e60        0xc /Applications/ARM/bin/../lib/gcc/arm-none-eabi/10.2.1/../../../../arm-none-eabi/lib/thumb/v7-m/nofp/libg_nano.a(lib_a-errno.o)
                0x0000000008000e60                __errno
 .text._vsnprintf_r
                0x0000000008000e6c       0x56 /Applications/ARM/bin/../lib/gcc/arm-none-eabi/10.2.1/../../../../arm-none-eabi/lib/thumb/v7-m/nofp/libg_nano.a(lib_a-vsnprintf.o)
                0x0000000008000e6c                _vsnprintf_r
                0x0000000008000e6c                _vsniprintf_r
 *fill*         0x0000000008000ec2        0x2 
 .text.vsnprintf
                0x0000000008000ec4       0x1c /Applications/ARM/bin/../lib/gcc/arm-none-eabi/10.2.1/../../../../arm-none-eabi/lib/thumb/v7-m/nofp/libg_nano.a(lib_a-vsnprintf.o)
                0x0000000008000ec4                vsnprintf
                0x0000000008000ec4                vsniprintf
 .text.__ssputs_r
                0x0000000008000ee0       0xb6 /Applications/ARM/bin/../lib/gcc/arm-none-eabi/10.2.1/../../../../arm-none-eabi/lib/thumb/v7-m/nofp/libg_nano.a(lib_a-nano-svfprintf.o)
                0x0000000008000ee0                __ssputs_r
 *fill*         0x0000000008000f96        0x2 
 .text._svfprintf_r
                0x0000000008000f98      0x200 /Applications/ARM/bin/../lib/gcc/arm-none-eabi/10.2.1/../../../../arm-none-eabi/lib/thumb/v7-m/nofp/libg_nano.a(lib_a-nano-svfprintf.o)
                0x0000000008000f98                _svfprintf_r
                0x0000000008000f98                _svfiprintf_r
 .text._printf_common
                0x0000000008001198       0xde /Applications/ARM/bin/../lib/gcc/arm-none-eabi/10.2.1/../../../../arm-none-eabi/lib/thumb/v7-m/nofp/libg_nano.a(lib_a-nano-vfprintf_i.o)
                0x0000000008001198                _printf_common
 *fill*         0x0000000008001276        0x2 
 .text._printf_i
                0x0000000008001278      0x24c /Applications/ARM/bin/../lib/gcc/arm-none-eabi/10.2.1/../../../../arm-none-eabi/lib/thumb/v7-m/nofp/libg_nano.a(lib_a-nano-vfprintf_i.o)
                0x0000000008001278                _printf_i
 .text.memchr   0x00000000080014c4       0x1c /Applications/ARM/bin/../lib/gcc/arm-none-eabi/10.2.1/../../../../arm-none-eabi/lib/thumb/v7-m/nofp/libg_nano.a(lib_a-memchr-stub.o)
                0x00000000080014c4                memchr
 .text.memcpy   0x00000000080014e0       0x1c /Applications/ARM/bin/../lib/gcc/arm-none-eabi/10.2.1/../../../../arm-none-eabi/lib/thumb/v7-m/nofp/libg_nano.a(lib_a-memcpy-stub.o)
                0x00000000080014e0                memcpy
 .text.memmove  0x00000000080014fc       0x34 /Applications/ARM/bin/../lib/gcc/arm-none-eabi/10.2.1/../../../../arm-none-eabi/lib/thumb/v7-m/nofp/libg_nano.a(lib_a-memmove.o)
                0x00000000080014fc                memmove
 .text._free_r  0x0000000008001530       0x90 /Applications/ARM/bin/../lib/gcc/arm-none-eabi/10.2.1/../../../../arm-none-eabi/lib/thumb/v7-m/nofp/libg_nano.a(lib_a-nano-freer.o)
                0x0000000008001530                _free_r
 .text._malloc_r
                0x00000000080015c0       0xb4 /Applications/ARM/bin/../lib/gcc/arm-none-eabi/10.2.1/../../../../arm-none-eabi/lib/thumb/v7-m/nofp/libg_nano.a(lib_a-nano-mallocr.o)
                0x00000000080015c0                _malloc_r
 .text._realloc_r
                0x0000000008001674       0x4c /Applications/ARM/bin/../lib/gcc/arm-none-eabi/10.2.1/../../../../arm-none-eabi/lib/thumb/v7-m/nofp/libg_nano.a(lib_a-nano-reallocr.o)
                0x0000000008001674                _realloc_r
 .text._sbrk_r  0x00000000080016c0       0x20 /Applications/ARM/bin/../lib/gcc/arm-none-eabi/10.2.1/../../../../arm-none-eabi/lib/thumb/v7-m/nofp/libg_nano.a(lib_a-sbrkr.o)
                0x00000000080016c0                _sbrk_r
 .text.__malloc_lock
                0x00000000080016e0        0xc /Applications/ARM/bin/../lib/gcc/arm-none-eabi/10.2.1/../../../../arm-none-eabi/lib/thumb/v7-m/nofp/libg_nano.a(lib_a-mlock.o)
                0x00000000080016e0                __malloc_lock
 .text.__malloc_unlock
                0x00000000080016ec        0xc /Applications/ARM/bin/../lib/gcc/arm-none-eabi/10.2.1/../../../../arm-none-eabi/lib/thumb/v7-m/nofp/libg_nano.a(lib_a-mlock.o)
                0x00000000080016ec                __malloc_unlock
 .text._malloc_usable_size_r
                0x00000000080016f8       0x10 /Applications/ARM/bin/../lib/gcc/arm-none-eabi/10.2.1/../../../../arm-none-eabi/lib/thumb/v7-m/nofp/libg_nano.a(lib_a-nano-msizer.o)
                0x00000000080016f8                _malloc_usable_size_r
 .text.__retarget_lock_acquire_recursive
                0x0000000008001708        0x2 /Applications/ARM/bin/../lib/gcc/arm-none-eabi/10.2.1/../../../../arm-none-eabi/lib/thumb/v7-m/nofp/libg_nano.a(lib_a-lock.o)
                0x0000000008001708                __retarget_lock_acquire_recursive
 .text.__retarget_lock_release_recursive
                0x000000000800170a        0x2 /Applications/ARM/bin/../lib/gcc/arm-none-eabi/10.2.1/../../../../arm-none-eabi/lib/thumb/v7-m/nofp/libg_nano.a(lib_a-lock.o)
                0x000000000800170a                __retarget_lock_release_recursive
 *(.rodata .rodata.* .constdata .constdata.*)
 .rodata.dumpExceptionStack.str1.4
                0x000000000800170c      0x11a ./system/src/cortexm/exception_handlers.o
 *fill*         0x0000000008001826        0x2 
 .rodata.str1.4
                0x0000000008001828       0x2a ./system/src/cortexm/exception_handlers.o
 .rodata._svfprintf_r.str1.1
                0x0000000008001852       0x11 /Applications/ARM/bin/../lib/gcc/arm-none-eabi/10.2.1/../../../../arm-none-eabi/lib/thumb/v7-m/nofp/libg_nano.a(lib_a-nano-svfprintf.o)
 .rodata._printf_i.str1.1
                0x0000000008001863       0x22 /Applications/ARM/bin/../lib/gcc/arm-none-eabi/10.2.1/../../../../arm-none-eabi/lib/thumb/v7-m/nofp/libg_nano.a(lib_a-nano-vfprintf_i.o)
 *(vtable)
 *(.eh_frame*)
 *(.glue_7)
 .glue_7        0x0000000008001885        0x0 linker stubs
 *(.glue_7t)
 .glue_7t       0x0000000008001885        0x0 linker stubs

.vfp11_veneer   0x0000000008001888        0x0
 .vfp11_veneer  0x0000000008001888        0x0 linker stubs

.v4_bx          0x0000000008001888        0x0
 .v4_bx         0x0000000008001888        0x0 linker stubs

.iplt           0x0000000008001888        0x0
 .iplt          0x0000000008001888        0x0 ./system/src/newlib/_sbrk.o

.rel.dyn        0x0000000008001888        0x0
 .rel.iplt      0x0000000008001888        0x0 ./system/src/newlib/_sbrk.o

.ARM.extab
 *(.ARM.extab* .gnu.linkonce.armextab.*)
                0x0000000008001888                . = ALIGN (0x4)
                0x0000000008001888                __exidx_start = .

.ARM.exidx
 *(.ARM.exidx* .gnu.linkonce.armexidx.*)
                0x0000000008001888                __exidx_end = .
                0x0000000008001888                . = ALIGN (0x4)
                0x0000000008001888                _etext = .
                0x0000000008001888                __etext = .

.data_CCMRAM    0x0000000000000000        0x0 load address 0x0000000008001888
 FILL mask 0xff
 *(.data.CCMRAM .data.CCMRAM.*)
                0x0000000000000000                . = ALIGN (0x4)
                0x0000000008001888                _sidata = LOADADDR (.data)

.data           0x0000000020000000       0x88 load address 0x0000000008001888
 FILL mask 0xff
                0x0000000020000000                _sdata = .
                0x0000000020000000                __data_start__ = .
 *(.data_begin .data_begin.*)
 .data_begin    0x0000000020000000        0x4 ./system/src/newlib/_startup.o
 *(.data .data.*)
 .data.argv.1   0x0000000020000004        0x8 ./system/src/newlib/_syscalls.o
 .data.AHBPrescTable
                0x000000002000000c       0x10 ./system/src/cmsis/system_stm32f10x.o
                0x000000002000000c                AHBPrescTable
 .data.SystemCoreClock
                0x000000002000001c        0x4 ./system/src/cmsis/system_stm32f10x.o
                0x000000002000001c                SystemCoreClock
 .data._impure_ptr
                0x0000000020000020        0x4 /Applications/ARM/bin/../lib/gcc/arm-none-eabi/10.2.1/../../../../arm-none-eabi/lib/thumb/v7-m/nofp/libg_nano.a(lib_a-impure.o)
                0x0000000020000020                _impure_ptr
 .data.impure_data
                0x0000000020000024       0x60 /Applications/ARM/bin/../lib/gcc/arm-none-eabi/10.2.1/../../../../arm-none-eabi/lib/thumb/v7-m/nofp/libg_nano.a(lib_a-impure.o)
 *(.data_end .data_end.*)
 .data_end      0x0000000020000084        0x4 ./system/src/newlib/_startup.o
                0x0000000020000088                . = ALIGN (0x4)
                0x0000000020000088                _edata = .
                0x0000000020000088                __data_end__ = .

.igot.plt       0x0000000020000088        0x0 load address 0x0000000008001910
 .igot.plt      0x0000000020000088        0x0 ./system/src/newlib/_sbrk.o

.bss_CCMRAM     0x0000000000000000        0x0
 *(.bss.CCMRAM .bss.CCMRAM.*)

.bss            0x0000000020000088       0xa4
                0x0000000020000088                __bss_start__ = .
                0x0000000020000088                _sbss = .
 *(.bss_begin .bss_begin.*)
 .bss_begin     0x0000000020000088        0x4 ./system/src/newlib/_startup.o
 *(.bss .bss.*)
 .bss.current_heap_end.0
                0x000000002000008c        0x4 ./system/src/newlib/_sbrk.o
 .bss.errno     0x0000000020000090        0x4 ./system/src/newlib/_syscalls.o
                0x0000000020000090                errno
 .bss.name.0    0x0000000020000094        0x1 ./system/src/newlib/_syscalls.o
 *fill*         0x0000000020000095        0x3 
 .bss.buf.0     0x0000000020000098       0x80 ./system/src/diag/Trace.o
 .bss.CAN_TxRdy
                0x0000000020000118        0x3 ./src/CAN_program.o
                0x0000000020000118                CAN_TxRdy
 *fill*         0x000000002000011b        0x1 
 .bss.__malloc_free_list
                0x000000002000011c        0x4 /Applications/ARM/bin/../lib/gcc/arm-none-eabi/10.2.1/../../../../arm-none-eabi/lib/thumb/v7-m/nofp/libg_nano.a(lib_a-nano-mallocr.o)
                0x000000002000011c                __malloc_free_list
 .bss.__malloc_sbrk_start
                0x0000000020000120        0x4 /Applications/ARM/bin/../lib/gcc/arm-none-eabi/10.2.1/../../../../arm-none-eabi/lib/thumb/v7-m/nofp/libg_nano.a(lib_a-nano-mallocr.o)
                0x0000000020000120                __malloc_sbrk_start
 .bss.__lock___malloc_recursive_mutex
                0x0000000020000124        0x1 /Applications/ARM/bin/../lib/gcc/arm-none-eabi/10.2.1/../../../../arm-none-eabi/lib/thumb/v7-m/nofp/libg_nano.a(lib_a-lock.o)
                0x0000000020000124                __lock___malloc_recursive_mutex
 *(COMMON)
 *(.bss_end .bss_end.*)
 *fill*         0x0000000020000125        0x3 
 .bss_end       0x0000000020000128        0x4 ./system/src/newlib/_startup.o
                0x000000002000012c                . = ALIGN (0x4)
                0x000000002000012c                __bss_end__ = .
                0x000000002000012c                _ebss = .

.noinit_CCMRAM
 *(.noinit.CCMRAM .noinit.CCMRAM.*)

.noinit         0x000000002000012c        0x0
                0x000000002000012c                _noinit = .
 *(.noinit .noinit.*)
                0x000000002000012c                . = ALIGN (0x4)
                0x000000002000012c                _end_noinit = .
                [!provide]                        PROVIDE (end = _end_noinit)
                [!provide]                        PROVIDE (_end = _end_noinit)
                [!provide]                        PROVIDE (__end = _end_noinit)
                [!provide]                        PROVIDE (__end__ = _end_noinit)

._check_stack   0x000000002000012c      0x100
                0x000000002000022c                . = (. + _Minimum_Stack_Size)
 *fill*         0x000000002000012c      0x100 

.b1text
 *(.b1text)
 *(.b1rodata)
 *(.b1rodata.*)

.eb0text
 *(.eb0text)
 *(.eb0rodata)
 *(.eb0rodata.*)

.eb1text
 *(.eb1text)
 *(.eb1rodata)
 *(.eb1rodata.*)

.eb2text
 *(.eb2text)
 *(.eb2rodata)
 *(.eb2rodata.*)

.eb3text
 *(.eb3text)
 *(.eb3rodata)
 *(.eb3rodata.*)

.stab
 *(.stab)

.stabstr
 *(.stabstr)

.stab.excl
 *(.stab.excl)

.stab.exclstr
 *(.stab.exclstr)

.stab.index
 *(.stab.index)

.stab.indexstr
 *(.stab.indexstr)

.comment        0x0000000000000000       0x4d
 *(.comment)
 .comment       0x0000000000000000       0x4d ./system/src/newlib/_exit.o
                                         0x4e (size before relaxing)
 .comment       0x000000000000004d       0x4e ./system/src/newlib/_sbrk.o
 .comment       0x000000000000004d       0x4e ./system/src/newlib/_startup.o
 .comment       0x000000000000004d       0x4e ./system/src/newlib/_syscalls.o
 .comment       0x000000000000004d       0x4e ./system/src/diag/Trace.o
 .comment       0x000000000000004d       0x4e ./system/src/diag/trace_impl.o
 .comment       0x000000000000004d       0x4e ./system/src/cortexm/_initialize_hardware.o
 .comment       0x000000000000004d       0x4e ./system/src/cortexm/exception_handlers.o
 .comment       0x000000000000004d       0x4e ./system/src/cmsis/system_stm32f10x.o
 .comment       0x000000000000004d       0x4e ./system/src/cmsis/vectors_stm32f10x.o
 .comment       0x000000000000004d       0x4e ./src/CAN_program.o
 .comment       0x000000000000004d       0x4e ./src/GPIO_program.o
 .comment       0x000000000000004d       0x4e ./src/RCC_program.o
 .comment       0x000000000000004d       0x4e ./src/SYSTICK_program.o
 .comment       0x000000000000004d       0x4e ./src/main.o

.ARM.attributes
                0x0000000000000000       0x2b
 .ARM.attributes
                0x0000000000000000       0x2d ./system/src/newlib/_exit.o
 .ARM.attributes
                0x000000000000002d       0x2d ./system/src/newlib/_sbrk.o
 .ARM.attributes
                0x000000000000005a       0x2d ./system/src/newlib/_startup.o
 .ARM.attributes
                0x0000000000000087       0x2d ./system/src/newlib/_syscalls.o
 .ARM.attributes
                0x00000000000000b4       0x2d ./system/src/diag/Trace.o
 .ARM.attributes
                0x00000000000000e1       0x2d ./system/src/diag/trace_impl.o
 .ARM.attributes
                0x000000000000010e       0x2d ./system/src/cortexm/_initialize_hardware.o
 .ARM.attributes
                0x000000000000013b       0x2d ./system/src/cortexm/exception_handlers.o
 .ARM.attributes
                0x0000000000000168       0x2d ./system/src/cmsis/system_stm32f10x.o
 .ARM.attributes
                0x0000000000000195       0x2d ./system/src/cmsis/vectors_stm32f10x.o
 .ARM.attributes
                0x00000000000001c2       0x2d ./src/CAN_program.o
 .ARM.attributes
                0x00000000000001ef       0x2d ./src/GPIO_program.o
 .ARM.attributes
                0x000000000000021c       0x2d ./src/RCC_program.o
 .ARM.attributes
                0x0000000000000249       0x2d ./src/SYSTICK_program.o
 .ARM.attributes
                0x0000000000000276       0x2d ./src/main.o
 .ARM.attributes
                0x00000000000002a3       0x2d /Applications/ARM/bin/../lib/gcc/arm-none-eabi/10.2.1/../../../../arm-none-eabi/lib/thumb/v7-m/nofp/libg_nano.a(lib_a-errno.o)
 .ARM.attributes
                0x00000000000002d0       0x2d /Applications/ARM/bin/../lib/gcc/arm-none-eabi/10.2.1/../../../../arm-none-eabi/lib/thumb/v7-m/nofp/libg_nano.a(lib_a-impure.o)
 .ARM.attributes
                0x00000000000002fd       0x2d /Applications/ARM/bin/../lib/gcc/arm-none-eabi/10.2.1/../../../../arm-none-eabi/lib/thumb/v7-m/nofp/libg_nano.a(lib_a-vsnprintf.o)
 .ARM.attributes
                0x000000000000032a       0x2d /Applications/ARM/bin/../lib/gcc/arm-none-eabi/10.2.1/../../../../arm-none-eabi/lib/thumb/v7-m/nofp/libg_nano.a(lib_a-nano-svfprintf.o)
 .ARM.attributes
                0x0000000000000357       0x2d /Applications/ARM/bin/../lib/gcc/arm-none-eabi/10.2.1/../../../../arm-none-eabi/lib/thumb/v7-m/nofp/libg_nano.a(lib_a-nano-vfprintf_i.o)
 .ARM.attributes
                0x0000000000000384       0x2d /Applications/ARM/bin/../lib/gcc/arm-none-eabi/10.2.1/../../../../arm-none-eabi/lib/thumb/v7-m/nofp/libg_nano.a(lib_a-memchr-stub.o)
 .ARM.attributes
                0x00000000000003b1       0x2d /Applications/ARM/bin/../lib/gcc/arm-none-eabi/10.2.1/../../../../arm-none-eabi/lib/thumb/v7-m/nofp/libg_nano.a(lib_a-memcpy-stub.o)
 .ARM.attributes
                0x00000000000003de       0x2d /Applications/ARM/bin/../lib/gcc/arm-none-eabi/10.2.1/../../../../arm-none-eabi/lib/thumb/v7-m/nofp/libg_nano.a(lib_a-memmove.o)
 .ARM.attributes
                0x000000000000040b       0x2d /Applications/ARM/bin/../lib/gcc/arm-none-eabi/10.2.1/../../../../arm-none-eabi/lib/thumb/v7-m/nofp/libg_nano.a(lib_a-nano-freer.o)
 .ARM.attributes
                0x0000000000000438       0x2d /Applications/ARM/bin/../lib/gcc/arm-none-eabi/10.2.1/../../../../arm-none-eabi/lib/thumb/v7-m/nofp/libg_nano.a(lib_a-nano-mallocr.o)
 .ARM.attributes
                0x0000000000000465       0x2d /Applications/ARM/bin/../lib/gcc/arm-none-eabi/10.2.1/../../../../arm-none-eabi/lib/thumb/v7-m/nofp/libg_nano.a(lib_a-nano-reallocr.o)
 .ARM.attributes
                0x0000000000000492       0x2d /Applications/ARM/bin/../lib/gcc/arm-none-eabi/10.2.1/../../../../arm-none-eabi/lib/thumb/v7-m/nofp/libg_nano.a(lib_a-sbrkr.o)
 .ARM.attributes
                0x00000000000004bf       0x2d /Applications/ARM/bin/../lib/gcc/arm-none-eabi/10.2.1/../../../../arm-none-eabi/lib/thumb/v7-m/nofp/libg_nano.a(lib_a-mlock.o)
 .ARM.attributes
                0x00000000000004ec       0x2d /Applications/ARM/bin/../lib/gcc/arm-none-eabi/10.2.1/../../../../arm-none-eabi/lib/thumb/v7-m/nofp/libg_nano.a(lib_a-nano-msizer.o)
 .ARM.attributes
                0x0000000000000519       0x2d /Applications/ARM/bin/../lib/gcc/arm-none-eabi/10.2.1/../../../../arm-none-eabi/lib/thumb/v7-m/nofp/libg_nano.a(lib_a-lock.o)

.debug
 *(.debug)

.line
 *(.line)

.debug_srcinfo
 *(.debug_srcinfo)

.debug_sfnames
 *(.debug_sfnames)

.debug_aranges  0x0000000000000000      0x408
 *(.debug_aranges)
 .debug_aranges
                0x0000000000000000       0x28 ./system/src/newlib/_exit.o
 .debug_aranges
                0x0000000000000028       0x20 ./system/src/newlib/_sbrk.o
 .debug_aranges
                0x0000000000000048       0x40 ./system/src/newlib/_startup.o
 .debug_aranges
                0x0000000000000088       0x30 ./system/src/newlib/_syscalls.o
 .debug_aranges
                0x00000000000000b8       0x38 ./system/src/diag/Trace.o
 .debug_aranges
                0x00000000000000f0       0x30 ./system/src/diag/trace_impl.o
 .debug_aranges
                0x0000000000000120       0x28 ./system/src/cortexm/_initialize_hardware.o
 .debug_aranges
                0x0000000000000148       0x90 ./system/src/cortexm/exception_handlers.o
 .debug_aranges
                0x00000000000001d8       0x38 ./system/src/cmsis/system_stm32f10x.o
 .debug_aranges
                0x0000000000000210       0x20 ./system/src/cmsis/vectors_stm32f10x.o
 .debug_aranges
                0x0000000000000230       0x98 ./src/CAN_program.o
 .debug_aranges
                0x00000000000002c8       0x70 ./src/GPIO_program.o
 .debug_aranges
                0x0000000000000338       0x38 ./src/RCC_program.o
 .debug_aranges
                0x0000000000000370       0x78 ./src/SYSTICK_program.o
 .debug_aranges
                0x00000000000003e8       0x20 ./src/main.o

.debug_pubnames
 *(.debug_pubnames)

.debug_info     0x0000000000000000     0x35ab
 *(.debug_info .gnu.linkonce.wi.*)
 .debug_info    0x0000000000000000      0x100 ./system/src/newlib/_exit.o
 .debug_info    0x0000000000000100      0x120 ./system/src/newlib/_sbrk.o
 .debug_info    0x0000000000000220      0x4bc ./system/src/newlib/_startup.o
 .debug_info    0x00000000000006dc      0x1e3 ./system/src/newlib/_syscalls.o
 .debug_info    0x00000000000008bf      0x319 ./system/src/diag/Trace.o
 .debug_info    0x0000000000000bd8      0x32e ./system/src/diag/trace_impl.o
 .debug_info    0x0000000000000f06      0x2ba ./system/src/cortexm/_initialize_hardware.o
 .debug_info    0x00000000000011c0      0x976 ./system/src/cortexm/exception_handlers.o
 .debug_info    0x0000000000001b36      0x4cb ./system/src/cmsis/system_stm32f10x.o
 .debug_info    0x0000000000002001       0xdc ./system/src/cmsis/vectors_stm32f10x.o
 .debug_info    0x00000000000020dd      0x7c2 ./src/CAN_program.o
 .debug_info    0x000000000000289f      0x4c4 ./src/GPIO_program.o
 .debug_info    0x0000000000002d63      0x268 ./src/RCC_program.o
 .debug_info    0x0000000000002fcb      0x304 ./src/SYSTICK_program.o
 .debug_info    0x00000000000032cf      0x2dc ./src/main.o

.debug_abbrev   0x0000000000000000     0x1586
 *(.debug_abbrev)
 .debug_abbrev  0x0000000000000000       0x97 ./system/src/newlib/_exit.o
 .debug_abbrev  0x0000000000000097       0xcd ./system/src/newlib/_sbrk.o
 .debug_abbrev  0x0000000000000164      0x1b1 ./system/src/newlib/_startup.o
 .debug_abbrev  0x0000000000000315      0x10e ./system/src/newlib/_syscalls.o
 .debug_abbrev  0x0000000000000423      0x173 ./system/src/diag/Trace.o
 .debug_abbrev  0x0000000000000596      0x1eb ./system/src/diag/trace_impl.o
 .debug_abbrev  0x0000000000000781       0xe9 ./system/src/cortexm/_initialize_hardware.o
 .debug_abbrev  0x000000000000086a      0x267 ./system/src/cortexm/exception_handlers.o
 .debug_abbrev  0x0000000000000ad1      0x18a ./system/src/cmsis/system_stm32f10x.o
 .debug_abbrev  0x0000000000000c5b       0xa5 ./system/src/cmsis/vectors_stm32f10x.o
 .debug_abbrev  0x0000000000000d00      0x2f8 ./src/CAN_program.o
 .debug_abbrev  0x0000000000000ff8      0x187 ./src/GPIO_program.o
 .debug_abbrev  0x000000000000117f      0x12b ./src/RCC_program.o
 .debug_abbrev  0x00000000000012aa      0x1af ./src/SYSTICK_program.o
 .debug_abbrev  0x0000000000001459      0x12d ./src/main.o

.debug_line     0x0000000000000000     0x434f
 *(.debug_line)
 .debug_line    0x0000000000000000      0x32a ./system/src/newlib/_exit.o
 .debug_line    0x000000000000032a      0x314 ./system/src/newlib/_sbrk.o
 .debug_line    0x000000000000063e      0x592 ./system/src/newlib/_startup.o
 .debug_line    0x0000000000000bd0      0x400 ./system/src/newlib/_syscalls.o
 .debug_line    0x0000000000000fd0      0x406 ./system/src/diag/Trace.o
 .debug_line    0x00000000000013d6      0x66e ./system/src/diag/trace_impl.o
 .debug_line    0x0000000000001a44      0x3b2 ./system/src/cortexm/_initialize_hardware.o
 .debug_line    0x0000000000001df6      0x8a2 ./system/src/cortexm/exception_handlers.o
 .debug_line    0x0000000000002698      0x5d5 ./system/src/cmsis/system_stm32f10x.o
 .debug_line    0x0000000000002c6d      0x144 ./system/src/cmsis/vectors_stm32f10x.o
 .debug_line    0x0000000000002db1      0x637 ./src/CAN_program.o
 .debug_line    0x00000000000033e8      0x6ff ./src/GPIO_program.o
 .debug_line    0x0000000000003ae7      0x296 ./src/RCC_program.o
 .debug_line    0x0000000000003d7d      0x474 ./src/SYSTICK_program.o
 .debug_line    0x00000000000041f1      0x15e ./src/main.o

.debug_frame    0x0000000000000000      0xba0
 *(.debug_frame)
 .debug_frame   0x0000000000000000       0x38 ./system/src/newlib/_exit.o
 .debug_frame   0x0000000000000038       0x28 ./system/src/newlib/_sbrk.o
 .debug_frame   0x0000000000000060       0x7c ./system/src/newlib/_startup.o
 .debug_frame   0x00000000000000dc       0x50 ./system/src/newlib/_syscalls.o
 .debug_frame   0x000000000000012c       0x94 ./system/src/diag/Trace.o
 .debug_frame   0x00000000000001c0       0x64 ./system/src/diag/trace_impl.o
 .debug_frame   0x0000000000000224       0x40 ./system/src/cortexm/_initialize_hardware.o
 .debug_frame   0x0000000000000264      0x158 ./system/src/cortexm/exception_handlers.o
 .debug_frame   0x00000000000003bc       0x6c ./system/src/cmsis/system_stm32f10x.o
 .debug_frame   0x0000000000000428       0x20 ./system/src/cmsis/vectors_stm32f10x.o
 .debug_frame   0x0000000000000448      0x150 ./src/CAN_program.o
 .debug_frame   0x0000000000000598      0x100 ./src/GPIO_program.o
 .debug_frame   0x0000000000000698       0x58 ./src/RCC_program.o
 .debug_frame   0x00000000000006f0       0xe4 ./src/SYSTICK_program.o
 .debug_frame   0x00000000000007d4       0x28 ./src/main.o
 .debug_frame   0x00000000000007fc       0x20 /Applications/ARM/bin/../lib/gcc/arm-none-eabi/10.2.1/../../../../arm-none-eabi/lib/thumb/v7-m/nofp/libg_nano.a(lib_a-errno.o)
 .debug_frame   0x000000000000081c       0x4c /Applications/ARM/bin/../lib/gcc/arm-none-eabi/10.2.1/../../../../arm-none-eabi/lib/thumb/v7-m/nofp/libg_nano.a(lib_a-vsnprintf.o)
 .debug_frame   0x0000000000000868       0x90 /Applications/ARM/bin/../lib/gcc/arm-none-eabi/10.2.1/../../../../arm-none-eabi/lib/thumb/v7-m/nofp/libg_nano.a(lib_a-nano-svfprintf.o)
 .debug_frame   0x00000000000008f8       0x60 /Applications/ARM/bin/../lib/gcc/arm-none-eabi/10.2.1/../../../../arm-none-eabi/lib/thumb/v7-m/nofp/libg_nano.a(lib_a-nano-vfprintf_i.o)
 .debug_frame   0x0000000000000958       0x28 /Applications/ARM/bin/../lib/gcc/arm-none-eabi/10.2.1/../../../../arm-none-eabi/lib/thumb/v7-m/nofp/libg_nano.a(lib_a-memchr-stub.o)
 .debug_frame   0x0000000000000980       0x28 /Applications/ARM/bin/../lib/gcc/arm-none-eabi/10.2.1/../../../../arm-none-eabi/lib/thumb/v7-m/nofp/libg_nano.a(lib_a-memcpy-stub.o)
 .debug_frame   0x00000000000009a8       0x28 /Applications/ARM/bin/../lib/gcc/arm-none-eabi/10.2.1/../../../../arm-none-eabi/lib/thumb/v7-m/nofp/libg_nano.a(lib_a-memmove.o)
 .debug_frame   0x00000000000009d0       0x38 /Applications/ARM/bin/../lib/gcc/arm-none-eabi/10.2.1/../../../../arm-none-eabi/lib/thumb/v7-m/nofp/libg_nano.a(lib_a-nano-freer.o)
 .debug_frame   0x0000000000000a08       0x30 /Applications/ARM/bin/../lib/gcc/arm-none-eabi/10.2.1/../../../../arm-none-eabi/lib/thumb/v7-m/nofp/libg_nano.a(lib_a-nano-mallocr.o)
 .debug_frame   0x0000000000000a38       0x3c /Applications/ARM/bin/../lib/gcc/arm-none-eabi/10.2.1/../../../../arm-none-eabi/lib/thumb/v7-m/nofp/libg_nano.a(lib_a-nano-reallocr.o)
 .debug_frame   0x0000000000000a74       0x2c /Applications/ARM/bin/../lib/gcc/arm-none-eabi/10.2.1/../../../../arm-none-eabi/lib/thumb/v7-m/nofp/libg_nano.a(lib_a-sbrkr.o)
 .debug_frame   0x0000000000000aa0       0x30 /Applications/ARM/bin/../lib/gcc/arm-none-eabi/10.2.1/../../../../arm-none-eabi/lib/thumb/v7-m/nofp/libg_nano.a(lib_a-mlock.o)
 .debug_frame   0x0000000000000ad0       0x20 /Applications/ARM/bin/../lib/gcc/arm-none-eabi/10.2.1/../../../../arm-none-eabi/lib/thumb/v7-m/nofp/libg_nano.a(lib_a-nano-msizer.o)
 .debug_frame   0x0000000000000af0       0xb0 /Applications/ARM/bin/../lib/gcc/arm-none-eabi/10.2.1/../../../../arm-none-eabi/lib/thumb/v7-m/nofp/libg_nano.a(lib_a-lock.o)

.debug_str      0x0000000000000000    0x587b6
 *(.debug_str)
 .debug_str     0x0000000000000000     0x75c4 ./system/src/newlib/_exit.o
                                       0x7731 (size before relaxing)
 .debug_str     0x00000000000075c4      0x4de ./system/src/newlib/_sbrk.o
                                       0x6b12 (size before relaxing)
 .debug_str     0x0000000000007aa2      0xbc3 ./system/src/newlib/_startup.o
                                       0x6318 (size before relaxing)
 .debug_str     0x0000000000008665     0x1505 ./system/src/newlib/_syscalls.o
                                       0x805f (size before relaxing)
 .debug_str     0x0000000000009b6a      0x826 ./system/src/diag/Trace.o
                                       0x7eb7 (size before relaxing)
 .debug_str     0x000000000000a390    0x4b2a2 ./system/src/diag/trace_impl.o
                                      0x5231f (size before relaxing)
 .debug_str     0x0000000000055632       0xc4 ./system/src/cortexm/_initialize_hardware.o
                                      0x4e806 (size before relaxing)
 .debug_str     0x00000000000556f6      0x196 ./system/src/cortexm/exception_handlers.o
                                      0x5349d (size before relaxing)
 .debug_str     0x000000000005588c       0xf1 ./system/src/cmsis/system_stm32f10x.o
                                      0x4e8b0 (size before relaxing)
 .debug_str     0x000000000005597d       0x57 ./system/src/cmsis/vectors_stm32f10x.o
                                       0x386a (size before relaxing)
 .debug_str     0x00000000000559d4     0x2640 ./src/CAN_program.o
                                       0x53f4 (size before relaxing)
 .debug_str     0x0000000000058014      0x293 ./src/GPIO_program.o
                                       0x380e (size before relaxing)
 .debug_str     0x00000000000582a7      0x10d ./src/RCC_program.o
                                       0x3381 (size before relaxing)
 .debug_str     0x00000000000583b4      0x3ed ./src/SYSTICK_program.o
                                       0x3308 (size before relaxing)
 .debug_str     0x00000000000587a1       0x15 ./src/main.o
                                       0x3ccf (size before relaxing)

.debug_loc      0x0000000000000000     0x1a8b
 *(.debug_loc)
 .debug_loc     0x0000000000000000       0x15 ./system/src/newlib/_exit.o
 .debug_loc     0x0000000000000015       0x97 ./system/src/newlib/_sbrk.o
 .debug_loc     0x00000000000000ac      0x2de ./system/src/newlib/_startup.o
 .debug_loc     0x000000000000038a       0x6f ./system/src/newlib/_syscalls.o
 .debug_loc     0x00000000000003f9      0x118 ./system/src/diag/Trace.o
 .debug_loc     0x0000000000000511      0x194 ./system/src/diag/trace_impl.o
 .debug_loc     0x00000000000006a5      0x35c ./system/src/cortexm/exception_handlers.o
 .debug_loc     0x0000000000000a01       0xff ./system/src/cmsis/system_stm32f10x.o
 .debug_loc     0x0000000000000b00      0x21d ./src/CAN_program.o
 .debug_loc     0x0000000000000d1d      0x8a3 ./src/GPIO_program.o
 .debug_loc     0x00000000000015c0      0x2f5 ./src/RCC_program.o
 .debug_loc     0x00000000000018b5      0x1d6 ./src/SYSTICK_program.o

.debug_macinfo
 *(.debug_macinfo)

.debug_weaknames
 *(.debug_weaknames)

.debug_funcnames
 *(.debug_funcnames)

.debug_typenames
 *(.debug_typenames)

.debug_varnames
 *(.debug_varnames)
OUTPUT(F103_CAN2.elf elf32-littlearm)
LOAD linker stubs

.debug_ranges   0x0000000000000000      0x348
 .debug_ranges  0x0000000000000000       0x18 ./system/src/newlib/_exit.o
 .debug_ranges  0x0000000000000018       0x10 ./system/src/newlib/_sbrk.o
 .debug_ranges  0x0000000000000028       0x30 ./system/src/newlib/_startup.o
 .debug_ranges  0x0000000000000058       0x20 ./system/src/newlib/_syscalls.o
 .debug_ranges  0x0000000000000078       0x28 ./system/src/diag/Trace.o
 .debug_ranges  0x00000000000000a0       0x38 ./system/src/diag/trace_impl.o
 .debug_ranges  0x00000000000000d8       0x18 ./system/src/cortexm/_initialize_hardware.o
 .debug_ranges  0x00000000000000f0       0x98 ./system/src/cortexm/exception_handlers.o
 .debug_ranges  0x0000000000000188       0x28 ./system/src/cmsis/system_stm32f10x.o
 .debug_ranges  0x00000000000001b0       0x10 ./system/src/cmsis/vectors_stm32f10x.o
 .debug_ranges  0x00000000000001c0       0x88 ./src/CAN_program.o
 .debug_ranges  0x0000000000000248       0x60 ./src/GPIO_program.o
 .debug_ranges  0x00000000000002a8       0x28 ./src/RCC_program.o
 .debug_ranges  0x00000000000002d0       0x68 ./src/SYSTICK_program.o
 .debug_ranges  0x0000000000000338       0x10 ./src/main.o

.debug_macro    0x0000000000000000     0x3475
 .debug_macro   0x0000000000000000      0x1b8 ./system/src/newlib/_exit.o
 .debug_macro   0x00000000000001b8       0x34 ./system/src/newlib/_exit.o
 .debug_macro   0x00000000000001ec      0x10e ./system/src/newlib/_exit.o
 .debug_macro   0x00000000000002fa       0x8d ./system/src/newlib/_exit.o
 .debug_macro   0x0000000000000387       0x43 ./system/src/newlib/_exit.o
 .debug_macro   0x00000000000003ca      0x333 ./system/src/newlib/_exit.o
 .debug_macro   0x00000000000006fd       0x35 ./system/src/newlib/_exit.o
 .debug_macro   0x0000000000000732      0x16d ./system/src/newlib/_sbrk.o
 .debug_macro   0x000000000000089f      0x174 ./system/src/newlib/_sbrk.o
 .debug_macro   0x0000000000000a13       0x10 ./system/src/newlib/_sbrk.o
 .debug_macro   0x0000000000000a23      0x23b ./system/src/newlib/_sbrk.o
 .debug_macro   0x0000000000000c5e      0x169 ./system/src/newlib/_startup.o
 .debug_macro   0x0000000000000dc7      0x22a ./system/src/newlib/_syscalls.o
 .debug_macro   0x0000000000000ff1       0x1c ./system/src/newlib/_syscalls.o
 .debug_macro   0x000000000000100d       0x10 ./system/src/newlib/_syscalls.o
 .debug_macro   0x000000000000101d       0x10 ./system/src/newlib/_syscalls.o
 .debug_macro   0x000000000000102d       0x10 ./system/src/newlib/_syscalls.o
 .debug_macro   0x000000000000103d       0x35 ./system/src/newlib/_syscalls.o
 .debug_macro   0x0000000000001072      0x12c ./system/src/newlib/_syscalls.o
 .debug_macro   0x000000000000119e       0xce ./system/src/newlib/_syscalls.o
 .debug_macro   0x000000000000126c       0x7c ./system/src/newlib/_syscalls.o
 .debug_macro   0x00000000000012e8       0x17 ./system/src/newlib/_syscalls.o
 .debug_macro   0x00000000000012ff      0x118 ./system/src/newlib/_syscalls.o
 .debug_macro   0x0000000000001417      0x189 ./system/src/newlib/_syscalls.o
 .debug_macro   0x00000000000015a0       0x16 ./system/src/newlib/_syscalls.o
 .debug_macro   0x00000000000015b6      0x1ff ./system/src/diag/Trace.o
 .debug_macro   0x00000000000017b5       0x16 ./system/src/diag/Trace.o
 .debug_macro   0x00000000000017cb       0x97 ./system/src/diag/Trace.o
 .debug_macro   0x0000000000001862       0xfd ./system/src/diag/Trace.o
 .debug_macro   0x000000000000195f       0x10 ./system/src/diag/Trace.o
 .debug_macro   0x000000000000196f       0x16 ./system/src/diag/Trace.o
 .debug_macro   0x0000000000001985      0x16f ./system/src/diag/Trace.o
 .debug_macro   0x0000000000001af4       0x4c ./system/src/diag/Trace.o
 .debug_macro   0x0000000000001b40       0x16 ./system/src/diag/Trace.o
 .debug_macro   0x0000000000001b56      0x2d0 ./system/src/diag/trace_impl.o
 .debug_macro   0x0000000000001e26       0x10 ./system/src/diag/trace_impl.o
 .debug_macro   0x0000000000001e36       0xcf ./system/src/diag/trace_impl.o
 .debug_macro   0x0000000000001f05       0x20 ./system/src/diag/trace_impl.o
 .debug_macro   0x0000000000001f25       0xbe ./system/src/diag/trace_impl.o
 .debug_macro   0x0000000000001fe3       0x22 ./system/src/diag/trace_impl.o
 .debug_macro   0x0000000000002005      0x175 ./system/src/cortexm/_initialize_hardware.o
 .debug_macro   0x000000000000217a      0x328 ./system/src/cortexm/exception_handlers.o
 .debug_macro   0x00000000000024a2       0x3b ./system/src/cortexm/exception_handlers.o
 .debug_macro   0x00000000000024dd       0x10 ./system/src/cortexm/exception_handlers.o
 .debug_macro   0x00000000000024ed      0x178 ./system/src/cmsis/system_stm32f10x.o
 .debug_macro   0x0000000000002665       0x3e ./system/src/cmsis/vectors_stm32f10x.o
 .debug_macro   0x00000000000026a3       0x7c ./src/CAN_program.o
 .debug_macro   0x000000000000271f       0x34 ./src/CAN_program.o
 .debug_macro   0x0000000000002753       0x34 ./src/CAN_program.o
 .debug_macro   0x0000000000002787      0x148 ./src/CAN_program.o
 .debug_macro   0x00000000000028cf       0x22 ./src/CAN_program.o
 .debug_macro   0x00000000000028f1      0x157 ./src/CAN_program.o
 .debug_macro   0x0000000000002a48      0x4f0 ./src/CAN_program.o
 .debug_macro   0x0000000000002f38      0x304 ./src/CAN_program.o
 .debug_macro   0x000000000000323c       0x69 ./src/GPIO_program.o
 .debug_macro   0x00000000000032a5       0x2e ./src/GPIO_program.o
 .debug_macro   0x00000000000032d3       0x57 ./src/RCC_program.o
 .debug_macro   0x000000000000332a       0x56 ./src/SYSTICK_program.o
 .debug_macro   0x0000000000003380       0x22 ./src/SYSTICK_program.o
 .debug_macro   0x00000000000033a2       0x4c ./src/SYSTICK_program.o
 .debug_macro   0x00000000000033ee       0x34 ./src/SYSTICK_program.o
 .debug_macro   0x0000000000003422       0x53 ./src/main.o
